Component: ARM Compiler 5.06 update 7 (build 960) Tool: armlink [4d3601]

==============================================================================

Section Cross References

    system_stm32f10x.o(i.SetSysClock) refers to system_stm32f10x.o(i.SetSysClockTo72) for SetSysClockTo72
    system_stm32f10x.o(i.SystemCoreClockUpdate) refers to system_stm32f10x.o(.data) for SystemCoreClock
    system_stm32f10x.o(i.SystemInit) refers to system_stm32f10x.o(i.SetSysClock) for SetSysClock
    startup_stm32f10x_md.o(RESET) refers to startup_stm32f10x_md.o(STACK) for __initial_sp
    startup_stm32f10x_md.o(RESET) refers to startup_stm32f10x_md.o(.text) for Reset_Handler
    startup_stm32f10x_md.o(RESET) refers to stm32f10x_it.o(i.NMI_Handler) for NMI_Handler
    startup_stm32f10x_md.o(RESET) refers to stm32f10x_it.o(i.HardFault_Handler) for HardFault_Handler
    startup_stm32f10x_md.o(RESET) refers to stm32f10x_it.o(i.MemManage_Handler) for MemManage_Handler
    startup_stm32f10x_md.o(RESET) refers to stm32f10x_it.o(i.BusFault_Handler) for BusFault_Handler
    startup_stm32f10x_md.o(RESET) refers to stm32f10x_it.o(i.UsageFault_Handler) for UsageFault_Handler
    startup_stm32f10x_md.o(RESET) refers to stm32f10x_it.o(i.SVC_Handler) for SVC_Handler
    startup_stm32f10x_md.o(RESET) refers to stm32f10x_it.o(i.DebugMon_Handler) for DebugMon_Handler
    startup_stm32f10x_md.o(RESET) refers to stm32f10x_it.o(i.PendSV_Handler) for PendSV_Handler
    startup_stm32f10x_md.o(RESET) refers to stm32f10x_it.o(i.SysTick_Handler) for SysTick_Handler
    startup_stm32f10x_md.o(RESET) refers to wave.o(i.TIM2_IRQHandler) for TIM2_IRQHandler
    startup_stm32f10x_md.o(RESET) refers to timer.o(i.TIM3_IRQHandler) for TIM3_IRQHandler
    startup_stm32f10x_md.o(RESET) refers to upload.o(i.TIM4_IRQHandler) for TIM4_IRQHandler
    startup_stm32f10x_md.o(RESET) refers to serial.o(i.USART1_IRQHandler) for USART1_IRQHandler
    startup_stm32f10x_md.o(RESET) refers to key.o(i.EXTI15_10_IRQHandler) for EXTI15_10_IRQHandler
    startup_stm32f10x_md.o(.text) refers to system_stm32f10x.o(i.SystemInit) for SystemInit
    startup_stm32f10x_md.o(.text) refers to entry.o(.ARM.Collect$$$$00000000) for __main
    stm32f10x_adc.o(i.ADC_DeInit) refers to stm32f10x_rcc.o(i.RCC_APB2PeriphResetCmd) for RCC_APB2PeriphResetCmd
    stm32f10x_bkp.o(i.BKP_DeInit) refers to stm32f10x_rcc.o(i.RCC_BackupResetCmd) for RCC_BackupResetCmd
    stm32f10x_can.o(i.CAN_DeInit) refers to stm32f10x_rcc.o(i.RCC_APB1PeriphResetCmd) for RCC_APB1PeriphResetCmd
    stm32f10x_can.o(i.CAN_GetITStatus) refers to stm32f10x_can.o(i.CheckITStatus) for CheckITStatus
    stm32f10x_cec.o(i.CEC_DeInit) refers to stm32f10x_rcc.o(i.RCC_APB1PeriphResetCmd) for RCC_APB1PeriphResetCmd
    stm32f10x_dac.o(i.DAC_DeInit) refers to stm32f10x_rcc.o(i.RCC_APB1PeriphResetCmd) for RCC_APB1PeriphResetCmd
    stm32f10x_flash.o(i.FLASH_EnableWriteProtection) refers to stm32f10x_flash.o(i.FLASH_WaitForLastOperation) for FLASH_WaitForLastOperation
    stm32f10x_flash.o(i.FLASH_EraseAllBank1Pages) refers to stm32f10x_flash.o(i.FLASH_WaitForLastBank1Operation) for FLASH_WaitForLastBank1Operation
    stm32f10x_flash.o(i.FLASH_EraseAllPages) refers to stm32f10x_flash.o(i.FLASH_WaitForLastOperation) for FLASH_WaitForLastOperation
    stm32f10x_flash.o(i.FLASH_EraseOptionBytes) refers to stm32f10x_flash.o(i.FLASH_GetReadOutProtectionStatus) for FLASH_GetReadOutProtectionStatus
    stm32f10x_flash.o(i.FLASH_EraseOptionBytes) refers to stm32f10x_flash.o(i.FLASH_WaitForLastOperation) for FLASH_WaitForLastOperation
    stm32f10x_flash.o(i.FLASH_ErasePage) refers to stm32f10x_flash.o(i.FLASH_WaitForLastOperation) for FLASH_WaitForLastOperation
    stm32f10x_flash.o(i.FLASH_ProgramHalfWord) refers to stm32f10x_flash.o(i.FLASH_WaitForLastOperation) for FLASH_WaitForLastOperation
    stm32f10x_flash.o(i.FLASH_ProgramOptionByteData) refers to stm32f10x_flash.o(i.FLASH_WaitForLastOperation) for FLASH_WaitForLastOperation
    stm32f10x_flash.o(i.FLASH_ProgramWord) refers to stm32f10x_flash.o(i.FLASH_WaitForLastOperation) for FLASH_WaitForLastOperation
    stm32f10x_flash.o(i.FLASH_ReadOutProtection) refers to stm32f10x_flash.o(i.FLASH_WaitForLastOperation) for FLASH_WaitForLastOperation
    stm32f10x_flash.o(i.FLASH_UserOptionByteConfig) refers to stm32f10x_flash.o(i.FLASH_WaitForLastOperation) for FLASH_WaitForLastOperation
    stm32f10x_flash.o(i.FLASH_WaitForLastBank1Operation) refers to stm32f10x_flash.o(i.FLASH_GetBank1Status) for FLASH_GetBank1Status
    stm32f10x_flash.o(i.FLASH_WaitForLastOperation) refers to stm32f10x_flash.o(i.FLASH_GetBank1Status) for FLASH_GetBank1Status
    stm32f10x_gpio.o(i.GPIO_AFIODeInit) refers to stm32f10x_rcc.o(i.RCC_APB2PeriphResetCmd) for RCC_APB2PeriphResetCmd
    stm32f10x_gpio.o(i.GPIO_DeInit) refers to stm32f10x_rcc.o(i.RCC_APB2PeriphResetCmd) for RCC_APB2PeriphResetCmd
    stm32f10x_i2c.o(i.I2C_DeInit) refers to stm32f10x_rcc.o(i.RCC_APB1PeriphResetCmd) for RCC_APB1PeriphResetCmd
[...]
    Removing stm32f10x_tim.o(i.TIM_SetIC4Prescaler), (26 bytes).
    Removing stm32f10x_tim.o(i.TIM_TIxExternalClockConfig), (62 bytes).
    Removing stm32f10x_tim.o(i.TIM_TimeBaseStructInit), (18 bytes).
    Removing stm32f10x_tim.o(i.TIM_UpdateDisableConfig), (24 bytes).
    Removing stm32f10x_tim.o(i.TIM_UpdateRequestConfig), (24 bytes).
    Removing stm32f10x_usart.o(i.USART_ClearFlag), (18 bytes).
    Removing stm32f10x_usart.o(i.USART_ClockInit), (34 bytes).
    Removing stm32f10x_usart.o(i.USART_ClockStructInit), (12 bytes).
    Removing stm32f10x_usart.o(i.USART_DMACmd), (18 bytes).
    Removing stm32f10x_usart.o(i.USART_DeInit), (156 bytes).
    Removing stm32f10x_usart.o(i.USART_HalfDuplexCmd), (24 bytes).
    Removing stm32f10x_usart.o(i.USART_IrDACmd), (24 bytes).
    Removing stm32f10x_usart.o(i.USART_IrDAConfig), (18 bytes).
    Removing stm32f10x_usart.o(i.USART_LINBreakDetectLengthConfig), (18 bytes).
    Removing stm32f10x_usart.o(i.USART_LINCmd), (24 bytes).
    Removing stm32f10x_usart.o(i.USART_OneBitMethodCmd), (24 bytes).
    Removing stm32f10x_usart.o(i.USART_OverSampling8Cmd), (22 bytes).
    Removing stm32f10x_usart.o(i.USART_ReceiverWakeUpCmd), (24 bytes).
    Removing stm32f10x_usart.o(i.USART_SendBreak), (10 bytes).
    Removing stm32f10x_usart.o(i.USART_SetAddress), (18 bytes).
    Removing stm32f10x_usart.o(i.USART_SetGuardTime), (16 bytes).
    Removing stm32f10x_usart.o(i.USART_SetPrescaler), (16 bytes).
    Removing stm32f10x_usart.o(i.USART_SmartCardCmd), (24 bytes).
    Removing stm32f10x_usart.o(i.USART_SmartCardNACKCmd), (24 bytes).
    Removing stm32f10x_usart.o(i.USART_StructInit), (24 bytes).
    Removing stm32f10x_usart.o(i.USART_WakeUpConfig), (18 bytes).
    Removing stm32f10x_wwdg.o(i.WWDG_ClearFlag), (12 bytes).
    Removing stm32f10x_wwdg.o(i.WWDG_DeInit), (22 bytes).
    Removing stm32f10x_wwdg.o(i.WWDG_Enable), (16 bytes).
    Removing stm32f10x_wwdg.o(i.WWDG_EnableIT), (12 bytes).
    Removing stm32f10x_wwdg.o(i.WWDG_GetFlagStatus), (12 bytes).
    Removing stm32f10x_wwdg.o(i.WWDG_SetCounter), (16 bytes).
    Removing stm32f10x_wwdg.o(i.WWDG_SetPrescaler), (24 bytes).
    Removing stm32f10x_wwdg.o(i.WWDG_SetWindowValue), (40 bytes).
    Removing main.o(.conststring), (21 bytes).
    Removing main.o(.data), (9 bytes).
    Removing delay.o(i.Delay_s), (24 bytes).
    Removing upload.o(i.TIM4IT_DeInit), (20 bytes).
    Removing led.o(i.LED0_OFF), (16 bytes).
    Removing led.o(i.LED0_ON), (16 bytes).
    Removing led.o(i.LED1_OFF), (16 bytes).
    Removing led.o(i.LED1_ON), (16 bytes).
    Removing led.o(i.LED1_Turn), (40 bytes).
    Removing led.o(i.LED2_OFF), (16 bytes).
    Removing led.o(i.LED2_ON), (16 bytes).
    Removing led.o(i.LED2_Turn), (40 bytes).
    Removing led.o(i.LED3_OFF), (16 bytes).
    Removing led.o(i.LED3_ON), (16 bytes).
    Removing led.o(i.LED4_OFF), (16 bytes).
    Removing led.o(i.LED4_ON), (16 bytes).
    Removing led.o(i.LED5_OFF), (16 bytes).
    Removing led.o(i.LED5_ON), (16 bytes).
    Removing led.o(i.LED6_OFF), (16 bytes).
    Removing led.o(i.LED6_ON), (16 bytes).
    Removing led.o(i.LED7_OFF), (16 bytes).
    Removing led.o(i.LED7_ON), (16 bytes).
    Removing led.o(i.LED_Init), (56 bytes).
    Removing oled.o(i.OLED_Count), (20 bytes).
    Removing oled.o(i.OLED_DrawPoint), (120 bytes).
    Removing oled.o(i.OLED_ShowBinNum), (62 bytes).
    Removing oled.o(i.OLED_ShowDecNum), (288 bytes).
    Removing oled.o(i.OLED_ShowHexNum), (84 bytes).
    Removing oled.o(i.OLED_ShowSignedNum), (102 bytes).
    Removing oled.o(.bss), (1152 bytes).
    Removing wave.o(i.Wave_Avg), (60 bytes).
    Removing spi.o(i.SPI_Start), (10 bytes).
    Removing spi.o(i.SPI_Stop), (10 bytes).
    Removing spi.o(i.SoftwareSPI_Init), (80 bytes).
    Removing spi.o(i.SoftwareSPI_R_MISO), (16 bytes).
    Removing spi.o(i.SoftwareSPI_SwapByteMode0), (60 bytes).
    Removing spi.o(i.SoftwareSPI_SwapByteMode1), (60 bytes).
    Removing spi.o(i.SoftwareSPI_SwapByteMode2), (60 bytes).
    Removing spi.o(i.SoftwareSPI_SwapByteMode3), (60 bytes).
    Removing spi.o(i.SoftwareSPI_W_MOSI), (20 bytes).
    Removing spi.o(i.SoftwareSPI_W_SCK), (20 bytes).
    Removing rc522.o(i.PCD_BakValue), (202 bytes).
    Removing rc522.o(i.PCD_Halt), (52 bytes).
    Removing rc522.o(i.PCD_WriteBlock), (150 bytes).
    Removing serial.o(i.Serial_Pow), (20 bytes).
    Removing serial.o(i.Serial_Printf), (36 bytes).
    Removing serial.o(i.Serial_SendArray), (26 bytes).
    Removing serial.o(i.Serial_SendByte), (32 bytes).
    Removing serial.o(i.Serial_SendNumber), (58 bytes).
    Removing serial.o(i.Serial_SendString), (26 bytes).
    Removing rfid.o(i.RFID_Init), (16 bytes).
    Removing rfid.o(i.RFID_WalletInit), (28 bytes).
    Removing rfid.o(.bss), (9 bytes).
    Removing beep.o(i.BEEP_DiDi), (38 bytes).
    Removing beep.o(i.BEEP_Turn), (40 bytes).
    Removing fadd.o(.text), (176 bytes).
    Removing fflti.o(.text), (18 bytes).
    Removing ffixi.o(.text), (50 bytes).
    Removing dfixi.o(.text), (62 bytes).
    Removing dscalb.o(.text), (46 bytes).
    Removing dflti.o(.text), (34 bytes).
    Removing dsqrt.o(.text), (162 bytes).
    Removing cdcmple.o(.text), (48 bytes).

500 unused section(s) (total 21587 bytes) removed from the image.

==============================================================================

Image Symbol Table

    Local Symbols

    Symbol Name                              Value     Ov Type        Size  Object(Section)

    ../clib/microlib/division.c              0x00000000   Number         0  uidiv.o ABSOLUTE
    ../clib/microlib/division.c              0x00000000   Number         0  uldiv.o ABSOLUTE
    ../clib/microlib/errno.c                 0x00000000   Number         0  errno.o ABSOLUTE
    ../clib/microlib/init/entry.s            0x00000000   Number         0  entry9b.o ABSOLUTE
    ../clib/microlib/init/entry.s            0x00000000   Number         0  entry12a.o ABSOLUTE
    ../clib/microlib/init/entry.s            0x00000000   Number         0  entry11b.o ABSOLUTE
    ../clib/microlib/init/entry.s            0x00000000   Number         0  entry11a.o ABSOLUTE
    ../clib/microlib/init/entry.s            0x00000000   Number         0  entry10b.o ABSOLUTE
    ../clib/microlib/init/entry.s            0x00000000   Number         0  entry10a.o ABSOLUTE
    ../clib/microlib/init/entry.s            0x00000000   Number         0  entry12b.o ABSOLUTE
    ../clib/microlib/init/entry.s            0x00000000   Number         0  entry9a.o ABSOLUTE
    ../clib/microlib/init/entry.s            0x00000000   Number         0  entry.o ABSOLUTE
    ../clib/microlib/init/entry.s            0x00000000   Number         0  entry8b.o ABSOLUTE
    ../clib/microlib/init/entry.s            0x00000000   Number         0  entry8a.o ABSOLUTE
    ../clib/microlib/init/entry.s            0x00000000   Number         0  entry2.o ABSOLUTE
    ../clib/microlib/init/entry.s            0x00000000   Number         0  entry7b.o ABSOLUTE
    ../clib/microlib/init/entry.s            0x00000000   Number         0  entry7a.o ABSOLUTE
    ../clib/microlib/init/entry.s            0x00000000   Number         0  entry5.o ABSOLUTE
    ../clib/microlib/longlong.c              0x00000000   Number         0  llsshr.o ABSOLUTE
    ../clib/microlib/longlong.c              0x00000000   Number         0  llshl.o ABSOLUTE
    ../clib/microlib/longlong.c              0x00000000   Number         0  llushr.o ABSOLUTE
    ../clib/microlib/printf/printf.c         0x00000000   Number         0  printf5.o ABSOLUTE
    ../clib/microlib/printf/printf.c         0x00000000   Number         0  printf7.o ABSOLUTE
    ../clib/microlib/printf/printf.c         0x00000000   Number         0  printf8.o ABSOLUTE
    ../clib/microlib/printf/printf.c         0x00000000   Number         0  printfb.o ABSOLUTE
    ../clib/microlib/printf/printf.c         0x00000000   Number         0  printfa.o ABSOLUTE
    ../clib/microlib/printf/printf.c         0x00000000   Number         0  printf6.o ABSOLUTE
    ../clib/microlib/printf/printf.c         0x00000000   Number         0  printf3.o ABSOLUTE
    ../clib/microlib/printf/printf.c         0x00000000   Number         0  printf0.o ABSOLUTE
    ../clib/microlib/printf/printf.c         0x00000000   Number         0  printf1.o ABSOLUTE
    ../clib/microlib/printf/printf.c         0x00000000   Number         0  printf2.o ABSOLUTE
    ../clib/microlib/printf/printf.c         0x00000000   Number         0  printf4.o ABSOLUTE
    ../clib/microlib/printf/stubs.s          0x00000000   Number         0  stubs.o ABSOLUTE
    ../clib/microlib/stdio/streams.c         0x00000000   Number         0  stdout.o ABSOLUTE
    ../clib/microlib/string/memset.c         0x00000000   Number         0  memseta.o ABSOLUTE
    ../clib/microlib/string/strstr.c         0x00000000   Number         0  strstr.o ABSOLUTE
    ../clib/microlib/stubs.s                 0x00000000   Number         0  iusefp.o ABSOLUTE
    ../fplib/microlib/d2f.c                  0x00000000   Number         0  d2f.o ABSOLUTE
    ../fplib/microlib/f2d.c                  0x00000000   Number         0  f2d.o ABSOLUTE
    ../fplib/microlib/fpadd.c                0x00000000   Number         0  dadd.o ABSOLUTE
    ../fplib/microlib/fpadd.c                0x00000000   Number         0  fadd.o ABSOLUTE
    ../fplib/microlib/fpdiv.c                0x00000000   Number         0  ddiv.o ABSOLUTE
    ../fplib/microlib/fpepilogue.c           0x00000000   Number         0  fepilogue.o ABSOLUTE
    ../fplib/microlib/fpepilogue.c           0x00000000   Number         0  depilogue.o ABSOLUTE
    ../fplib/microlib/fpfix.c                0x00000000   Number         0  ffixui.o ABSOLUTE
    ../fplib/microlib/fpfix.c                0x00000000   Number         0  dfixi.o ABSOLUTE
    ../fplib/microlib/fpfix.c                0x00000000   Number         0  dfixul.o ABSOLUTE
    ../fplib/microlib/fpfix.c                0x00000000   Number         0  ffixi.o ABSOLUTE
    ../fplib/microlib/fpflt.c                0x00000000   Number         0  ffltui.o ABSOLUTE
    ../fplib/microlib/fpflt.c                0x00000000   Number         0  dfltui.o ABSOLUTE
    ../fplib/microlib/fpflt.c                0x00000000   Number         0  fflti.o ABSOLUTE
    ../fplib/microlib/fpflt.c                0x00000000   Number         0  dflti.o ABSOLUTE
    ../fplib/microlib/fpmul.c                0x00000000   Number         0  dmul.o ABSOLUTE
    ../fplib/microlib/fpscalb.c              0x00000000   Number         0  dscalb.o ABSOLUTE
    ../fplib/microlib/fpsqrt.c               0x00000000   Number         0  dsqrt.o ABSOLUTE
    ../mathlib/dunder.c                      0x00000000   Number         0  dunder.o ABSOLUTE
    ../mathlib/fpclassify.c                  0x00000000   Number         0  fpclassify.o ABSOLUTE
    ../mathlib/poly.c                        0x00000000   Number         0  poly.o ABSOLUTE
    ../mathlib/pow.c                         0x00000000   Number         0  pow_x.o ABSOLUTE
    ../mathlib/pow.c                         0x00000000   Number         0  pow.o ABSOLUTE
    ../mathlib/qnan.c                        0x00000000   Number         0  qnan.o ABSOLUTE
    ../mathlib/sqrt.c                        0x00000000   Number         0  sqrt.o ABSOLUTE
    ../mathlib/sqrt.c                        0x00000000   Number         0  sqrt_x.o ABSOLUTE
    Hardware\BEEP.c                          0x00000000   Number         0  beep.o ABSOLUTE
    Hardware\ESP8266.c                       0x00000000   Number         0  esp8266.o ABSOLUTE
    Hardware\KEY.c                           0x00000000   Number         0  key.o ABSOLUTE
    Hardware\LED.c                           0x00000000   Number         0  led.o ABSOLUTE
    Hardware\OLED.c                          0x00000000   Number         0  oled.o ABSOLUTE
    Hardware\RC522.c                         0x00000000   Number         0  rc522.o ABSOLUTE
    Hardware\RFID.c                          0x00000000   Number         0  rfid.o ABSOLUTE
    Hardware\SPI.c                           0x00000000   Number         0  spi.o ABSOLUTE
    Hardware\Serial.c                        0x00000000   Number         0  serial.o ABSOLUTE
    Hardware\Timer.c                         0x00000000   Number         0  timer.o ABSOLUTE
    Hardware\wave.c                          0x00000000   Number         0  wave.o ABSOLUTE
    Library\misc.c                           0x00000000   Number         0  misc.o ABSOLUTE
    Library\stm32f10x_adc.c                  0x00000000   Number         0  stm32f10x_adc.o ABSOLUTE
    Library\stm32f10x_bkp.c                  0x00000000   Number         0  stm32f10x_bkp.o ABSOLUTE
    Library\stm32f10x_can.c                  0x00000000   Number         0  stm32f10x_can.o ABSOLUTE
    Library\stm32f10x_cec.c                  0x00000000   Number         0  stm32f10x_cec.o ABSOLUTE
    Library\stm32f10x_crc.c                  0x00000000   Number         0  stm32f10x_crc.o ABSOLUTE
    Library\stm32f10x_dac.c                  0x00000000   Number         0  stm32f10x_dac.o ABSOLUTE
    Library\stm32f10x_dbgmcu.c               0x00000000   Number         0  stm32f10x_dbgmcu.o ABSOLUTE
    Library\stm32f10x_dma.c                  0x00000000   Number         0  stm32f10x_dma.o ABSOLUTE
    Library\stm32f10x_exti.c                 0x00000000   Number         0  stm32f10x_exti.o ABSOLUTE
    Library\stm32f10x_flash.c                0x00000000   Number         0  stm32f10x_flash.o ABSOLUTE
    Library\stm32f10x_fsmc.c                 0x00000000   Number         0  stm32f10x_fsmc.o ABSOLUTE
    Library\stm32f10x_gpio.c                 0x00000000   Number         0  stm32f10x_gpio.o ABSOLUTE
    Library\stm32f10x_i2c.c                  0x00000000   Number         0  stm32f10x_i2c.o ABSOLUTE
    Library\stm32f10x_iwdg.c                 0x00000000   Number         0  stm32f10x_iwdg.o ABSOLUTE
    Library\stm32f10x_pwr.c                  0x00000000   Number         0  stm32f10x_pwr.o ABSOLUTE
    Library\stm32f10x_rcc.c                  0x00000000   Number         0  stm32f10x_rcc.o ABSOLUTE
    Library\stm32f10x_rtc.c                  0x00000000   Number         0  stm32f10x_rtc.o ABSOLUTE
    Library\stm32f10x_sdio.c                 0x00000000   Number         0  stm32f10x_sdio.o ABSOLUTE
    Library\stm32f10x_spi.c                  0x00000000   Number         0  stm32f10x_spi.o ABSOLUTE
    Library\stm32f10x_tim.c                  0x00000000   Number         0  stm32f10x_tim.o ABSOLUTE
    Library\stm32f10x_usart.c                0x00000000   Number         0  stm32f10x_usart.o ABSOLUTE
    Library\stm32f10x_wwdg.c                 0x00000000   Number         0  stm32f10x_wwdg.o ABSOLUTE
    Start\\core_cm3.c                        0x00000000   Number         0  core_cm3.o ABSOLUTE
    Start\core_cm3.c                         0x00000000   Number         0  core_cm3.o ABSOLUTE
    Start\startup_stm32f10x_md.s             0x00000000   Number         0  startup_stm32f10x_md.o ABSOLUTE
    Start\system_stm32f10x.c                 0x00000000   Number         0  system_stm32f10x.o ABSOLUTE
    System\Delay.c                           0x00000000   Number         0  delay.o ABSOLUTE
    System\Upload.c                          0x00000000   Number         0  upload.o ABSOLUTE
    User\main.c                              0x00000000   Number         0  main.o ABSOLUTE
    User\stm32f10x_it.c                      0x00000000   Number         0  stm32f10x_it.o ABSOLUTE
    User\user.c                              0x00000000   Number         0  user.o ABSOLUTE
    cdcmple.s                                0x00000000   Number         0  cdcmple.o ABSOLUTE
    cdrcmple.s                               0x00000000   Number         0  cdrcmple.o ABSOLUTE
    dc.s                                     0x00000000   Number         0  dc.o ABSOLUTE
    handlers.s                               0x00000000   Number         0  handlers.o ABSOLUTE
    init.s                                   0x00000000   Number         0  init.o ABSOLUTE
    RESET                                    0x08000000   Section      236  startup_stm32f10x_md.o(RESET)
    .ARM.Collect$$$$00000000                 0x080000ec   Section        0  entry.o(.ARM.Collect$$$$00000000)
    .ARM.Collect$$$$00000001                 0x080000ec   Section        4  entry2.o(.ARM.Collect$$$$00000001)
    .ARM.Collect$$$$00000004                 0x080000f0   Section        4  entry5.o(.ARM.Collect$$$$00000004)
    .ARM.Collect$$$$00000008                 0x080000f4   Section        0  entry7b.o(.ARM.Collect$$$$00000008)
    .ARM.Collect$$$$0000000A                 0x080000f4   Section        0  entry8b.o(.ARM.Collect$$$$0000000A)
    .ARM.Collect$$$$0000000B                 0x080000f4   Section        8  entry9a.o(.ARM.Collect$$$$0000000B)
    .ARM.Collect$$$$0000000E                 0x080000fc   Section        4  entry12b.o(.ARM.Collect$$$$0000000E)
    .ARM.Collect$$$$0000000F                 0x08000100   Section        0  entry10a.o(.ARM.Collect$$$$0000000F)
    .ARM.Collect$$$$00000011                 0x08000100   Section        0  entry11a.o(.ARM.Collect$$$$00000011)
    .ARM.Collect$$$$00002712                 0x08000100   Section        4  entry2.o(.ARM.Collect$$$$00002712)
    __lit__00000000                          0x08000100   Data           4  entry2.o(.ARM.Collect$$$$00002712)
    .text                                    0x08000104   Section       36  startup_stm32f10x_md.o(.text)
    .text                                    0x08000128   Section        0  memseta.o(.text)
    .text                                    0x0800014c   Section        0  strstr.o(.text)
    .text                                    0x08000170   Section        0  dmul.o(.text)
    .text                                    0x08000254   Section        0  ffltui.o(.text)
    .text                                    0x0800025e   Section        0  dfltui.o(.text)
    .text                                    0x08000278   Section        0  ffixui.o(.text)
    .text                                    0x080002a0   Section        0  f2d.o(.text)
    .text                                    0x080002c6   Section        0  d2f.o(.text)
    .text                                    0x080002fe   Section        0  uidiv.o(.text)
    .text                                    0x0800032a   Section        0  uldiv.o(.text)
    .text                                    0x0800038c   Section        0  llushr.o(.text)
    .text                                    0x080003ac   Section        0  iusefp.o(.text)
    .text                                    0x080003ac   Section        0  fepilogue.o(.text)
    .text                                    0x0800041a   Section        0  depilogue.o(.text)
    .text                                    0x080004d4   Section        0  dadd.o(.text)
    .text                                    0x08000622   Section        0  ddiv.o(.text)
    .text                                    0x08000700   Section        0  dfixul.o(.text)
    .text                                    0x08000730   Section       48  cdrcmple.o(.text)
    .text                                    0x08000760   Section       36  init.o(.text)
    .text                                    0x08000784   Section        0  llshl.o(.text)
    .text                                    0x080007a2   Section        0  llsshr.o(.text)
    i.BEEP_Di                                0x080007c6   Section        0  beep.o(i.BEEP_Di)
    i.BEEP_DiDiDi                            0x080007d8   Section        0  beep.o(i.BEEP_DiDiDi)
    i.BEEP_OFF                               0x08000814   Section        0  beep.o(i.BEEP_OFF)
    i.BEEP_ON                                0x08000824   Section        0  beep.o(i.BEEP_ON)
    i.Beep100                                0x08000834   Section        0  beep.o(i.Beep100)
    i.Beep200                                0x0800083c   Section        0  beep.o(i.Beep200)
    i.Beep300                                0x0800084e   Section        0  beep.o(i.Beep300)
    i.Beep_Init                              0x08000860   Section        0  beep.o(i.Beep_Init)
    i.BusFault_Handler                       0x08000894   Section        0  stm32f10x_it.o(i.BusFault_Handler)
    i.DataUpload                             0x08000898   Section        0  user.o(i.DataUpload)
    i.DebugMon_Handler                       0x080009b4   Section        0  stm32f10x_it.o(i.DebugMon_Handler)
    i.Delay_ms                               0x080009b6   Section        0  delay.o(i.Delay_ms)
    i.Delay_us                               0x080009ce   Section        0  delay.o(i.Delay_us)
    i.ESP8266_Init                           0x080009fc   Section        0  esp8266.o(i.ESP8266_Init)
    i.ESP8266_Send                           0x08000aa8   Section        0  esp8266.o(i.ESP8266_Send)
    i.EXTI15_10_IRQHandler                   0x08000ae4   Section        0  key.o(i.EXTI15_10_IRQHandler)
    i.EXTI_ClearITPendingBit                 0x08000b1c   Section        0  stm32f10x_exti.o(i.EXTI_ClearITPendingBit)
    i.EXTI_GetITStatus                       0x08000b28   Section        0  stm32f10x_exti.o(i.EXTI_GetITStatus)
    i.EXTI_Init                              0x08000b50   Section        0  stm32f10x_exti.o(i.EXTI_Init)
    i.GPIO_EXTILineConfig                    0x08000be4   Section        0  stm32f10x_gpio.o(i.GPIO_EXTILineConfig)
    i.GPIO_Init                              0x08000c24   Section        0  stm32f10x_gpio.o(i.GPIO_Init)
    i.GPIO_ReadInputDataBit                  0x08000d3a   Section        0  stm32f10x_gpio.o(i.GPIO_ReadInputDataBit)
    i.GPIO_ResetBits                         0x08000d4c   Section        0  stm32f10x_gpio.o(i.GPIO_ResetBits)
    i.GPIO_SetBits                           0x08000d50   Section        0  stm32f10x_gpio.o(i.GPIO_SetBits)
    i.GPIO_WriteBit                          0x08000d54   Section        0  stm32f10x_gpio.o(i.GPIO_WriteBit)
    i.HardFault_Handler                      0x08000d5e   Section        0  stm32f10x_it.o(i.HardFault_Handler)
    i.HardwareSPI_Init                       0x08000d64   Section        0  spi.o(i.HardwareSPI_Init)
    i.HardwareSPI_SwapByte                   0x08000e1c   Section        0  spi.o(i.HardwareSPI_SwapByte)
    i.KEY1Recharge                           0x08000e54   Section        0  user.o(i.KEY1Recharge)
    i.KEY2Search                             0x08001010   Section        0  user.o(i.KEY2Search)
    i.KeyIT_Init                             0x080011f0   Section        0  key.o(i.KeyIT_Init)
    i.KeyIT_SwiInit                          0x08001294   Section        0  key.o(i.KeyIT_SwiInit)
    i.MFRC_CalulateCRC                       0x080012d4   Section        0  rc522.o(i.MFRC_CalulateCRC)
    i.MFRC_ClrBitMask                        0x08001340   Section        0  rc522.o(i.MFRC_ClrBitMask)
    i.MFRC_CmdFrame                          0x0800135a   Section        0  rc522.o(i.MFRC_CmdFrame)
    i.MFRC_Init                              0x08001490   Section        0  rc522.o(i.MFRC_Init)
    i.MFRC_ReadReg                           0x080014ac   Section        0  rc522.o(i.MFRC_ReadReg)
    i.MFRC_SetBitMask                        0x080014e4   Section        0  rc522.o(i.MFRC_SetBitMask)
    i.MFRC_WriteReg                          0x08001500   Section        0  rc522.o(i.MFRC_WriteReg)
    i.MemManage_Handler                      0x08001534   Section        0  stm32f10x_it.o(i.MemManage_Handler)
    i.NMI_Handler                            0x08001538   Section        0  stm32f10x_it.o(i.NMI_Handler)
    i.NVIC_Init                              0x0800153c   Section        0  misc.o(i.NVIC_Init)
    i.NVIC_PriorityGroupConfig               0x080015ac   Section        0  misc.o(i.NVIC_PriorityGroupConfig)
    i.OLED_Clear                             0x080015c0   Section        0  oled.o(i.OLED_Clear)
    i.OLED_I2C_Init                          0x080015ec   Section        0  oled.o(i.OLED_I2C_Init)
    i.OLED_I2C_SendByte                      0x0800163c   Section        0  oled.o(i.OLED_I2C_SendByte)
    i.OLED_I2C_Start                         0x08001690   Section        0  oled.o(i.OLED_I2C_Start)
    i.OLED_I2C_Stop                          0x080016c4   Section        0  oled.o(i.OLED_I2C_Stop)
    i.OLED_Init                              0x080016ec   Section        0  oled.o(i.OLED_Init)
    i.OLED_Pow                               0x0800179a   Section        0  oled.o(i.OLED_Pow)
    i.OLED_SetCursor                         0x080017ae   Section        0  oled.o(i.OLED_SetCursor)
    i.OLED_ShowChar                          0x080017d0   Section        0  oled.o(i.OLED_ShowChar)
    i.OLED_ShowChinese                       0x08001844   Section        0  oled.o(i.OLED_ShowChinese)
    i.OLED_ShowGarge                         0x080018b0   Section        0  user.o(i.OLED_ShowGarge)
    i.OLED_ShowNum                           0x080019f0   Section        0  oled.o(i.OLED_ShowNum)
    i.OLED_ShowString                        0x08001a34   Section        0  oled.o(i.OLED_ShowString)
    i.OLED_WriteCommand                      0x08001a5c   Section        0  oled.o(i.OLED_WriteCommand)
    i.OLED_WriteData                         0x08001a7c   Section        0  oled.o(i.OLED_WriteData)
    i.PCD_AntennaOff                         0x08001a9c   Section        0  rc522.o(i.PCD_AntennaOff)
    i.PCD_AntennaOn                          0x08001aa8   Section        0  rc522.o(i.PCD_AntennaOn)
    i.PCD_Anticoll                           0x08001ac2   Section        0  rc522.o(i.PCD_Anticoll)
    i.PCD_AuthState                          0x08001b32   Section        0  rc522.o(i.PCD_AuthState)
    i.PCD_Init                               0x08001ba0   Section        0  rc522.o(i.PCD_Init)
    i.PCD_ReadBlock                          0x08001bba   Section        0  rc522.o(i.PCD_ReadBlock)
    i.PCD_Request                            0x08001c10   Section        0  rc522.o(i.PCD_Request)
    i.PCD_Reset                              0x08001c68   Section        0  rc522.o(i.PCD_Reset)
    i.PCD_Select                             0x08001cec   Section        0  rc522.o(i.PCD_Select)
    i.PCD_Value                              0x08001d60   Section        0  rc522.o(i.PCD_Value)
    i.PendSV_Handler                         0x08001e1c   Section        0  stm32f10x_it.o(i.PendSV_Handler)
    i.RCC_APB1PeriphClockCmd                 0x08001e20   Section        0  stm32f10x_rcc.o(i.RCC_APB1PeriphClockCmd)
    i.RCC_APB1PeriphResetCmd                 0x08001e40   Section        0  stm32f10x_rcc.o(i.RCC_APB1PeriphResetCmd)
    i.RCC_APB2PeriphClockCmd                 0x08001e60   Section        0  stm32f10x_rcc.o(i.RCC_APB2PeriphClockCmd)
    i.RCC_APB2PeriphResetCmd                 0x08001e80   Section        0  stm32f10x_rcc.o(i.RCC_APB2PeriphResetCmd)
    i.RCC_GetClocksFreq                      0x08001ea0   Section        0  stm32f10x_rcc.o(i.RCC_GetClocksFreq)
    i.RFID_Compare                           0x08001f74   Section        0  rfid.o(i.RFID_Compare)
    i.RFID_DecRead                           0x08001f98   Section        0  rfid.o(i.RFID_DecRead)
    i.RFID_Deduction                         0x08002014   Section        0  rfid.o(i.RFID_Deduction)
    i.RFID_FindCard                          0x08002050   Section        0  rfid.o(i.RFID_FindCard)
    i.RFID_Garge                             0x08002074   Section        0  rfid.o(i.RFID_Garge)
    i.RFID_MoneyChangeToArr                  0x080020ec   Section        0  rfid.o(i.RFID_MoneyChangeToArr)
    i.RFID_Read                              0x08002144   Section        0  rfid.o(i.RFID_Read)
    i.RFID_Recharge                          0x080021b0   Section        0  rfid.o(i.RFID_Recharge)
    i.RFID_SelectCard                        0x080021f0   Section        0  rfid.o(i.RFID_SelectCard)
    i.RFID_manage_garge                      0x08002240   Section        0  rfid.o(i.RFID_manage_garge)
    i.SPI_Cmd                                0x08002530   Section        0  stm32f10x_spi.o(i.SPI_Cmd)
    i.SPI_I2S_GetFlagStatus                  0x08002548   Section        0  stm32f10x_spi.o(i.SPI_I2S_GetFlagStatus)
    i.SPI_I2S_ReceiveData                    0x0800255a   Section        0  stm32f10x_spi.o(i.SPI_I2S_ReceiveData)
    i.SPI_I2S_SendData                       0x08002560   Section        0  stm32f10x_spi.o(i.SPI_I2S_SendData)
    i.SPI_Init                               0x08002564   Section        0  stm32f10x_spi.o(i.SPI_Init)
    i.SVC_Handler                            0x080025a0   Section        0  stm32f10x_it.o(i.SVC_Handler)
    i.Serial_Init                            0x080025a4   Section        0  serial.o(i.Serial_Init)
    i.SetSysClock                            0x08002660   Section        0  system_stm32f10x.o(i.SetSysClock)
    SetSysClock                              0x08002661   Thumb Code     8  system_stm32f10x.o(i.SetSysClock)
    i.SetSysClockTo72                        0x08002668   Section        0  system_stm32f10x.o(i.SetSysClockTo72)
    SetSysClockTo72                          0x08002669   Thumb Code   214  system_stm32f10x.o(i.SetSysClockTo72)
    i.SoftwareSPI_W_CS                       0x08002748   Section        0  spi.o(i.SoftwareSPI_W_CS)
    i.SysTick_Handler                        0x0800275c   Section        0  stm32f10x_it.o(i.SysTick_Handler)
    i.SystemInit                             0x08002760   Section        0  system_stm32f10x.o(i.SystemInit)
    i.TIM2_IRQHandler                        0x080027c0   Section        0  wave.o(i.TIM2_IRQHandler)
    i.TIM3Disable                            0x080027e8   Section        0  timer.o(i.TIM3Disable)
    i.TIM3Enable                             0x08002808   Section        0  timer.o(i.TIM3Enable)
    i.TIM3_IRQHandler                        0x08002818   Section        0  timer.o(i.TIM3_IRQHandler)
    i.TIM3_Init                              0x0800287c   Section        0  timer.o(i.TIM3_Init)
    i.TIM4IT_Init                            0x080028f8   Section        0  upload.o(i.TIM4IT_Init)
    i.TIM4_IRQHandler                        0x08002978   Section        0  upload.o(i.TIM4_IRQHandler)
    i.TIM_ClearFlag                          0x0800299c   Section        0  stm32f10x_tim.o(i.TIM_ClearFlag)
    i.TIM_ClearITPendingBit                  0x080029a2   Section        0  stm32f10x_tim.o(i.TIM_ClearITPendingBit)
    i.TIM_Cmd                                0x080029a8   Section        0  stm32f10x_tim.o(i.TIM_Cmd)
    i.TIM_DeInit                             0x080029c0   Section        0  stm32f10x_tim.o(i.TIM_DeInit)
    i.TIM_GetCounter                         0x08002ba8   Section        0  stm32f10x_tim.o(i.TIM_GetCounter)
    i.TIM_GetITStatus                        0x08002bae   Section        0  stm32f10x_tim.o(i.TIM_GetITStatus)
    i.TIM_ITConfig                           0x08002bd0   Section        0  stm32f10x_tim.o(i.TIM_ITConfig)
    i.TIM_InternalClockConfig                0x08002be2   Section        0  stm32f10x_tim.o(i.TIM_InternalClockConfig)
    i.TIM_SetCounter                         0x08002bee   Section        0  stm32f10x_tim.o(i.TIM_SetCounter)
    i.TIM_TimeBaseInit                       0x08002bf4   Section        0  stm32f10x_tim.o(i.TIM_TimeBaseInit)
    i.USART1_IRQHandler                      0x08002c98   Section        0  serial.o(i.USART1_IRQHandler)
    i.USART_ClearITPendingBit                0x08002d18   Section        0  stm32f10x_usart.o(i.USART_ClearITPendingBit)
    i.USART_Cmd                              0x08002d36   Section        0  stm32f10x_usart.o(i.USART_Cmd)
    i.USART_GetFlagStatus                    0x08002d4e   Section        0  stm32f10x_usart.o(i.USART_GetFlagStatus)
    i.USART_GetITStatus                      0x08002d68   Section        0  stm32f10x_usart.o(i.USART_GetITStatus)
    i.USART_ITConfig                         0x08002dbc   Section        0  stm32f10x_usart.o(i.USART_ITConfig)
    i.USART_Init                             0x08002e08   Section        0  stm32f10x_usart.o(i.USART_Init)
    i.USART_ReceiveData                      0x08002ee0   Section        0  stm32f10x_usart.o(i.USART_ReceiveData)
    i.USART_SendData                         0x08002eea   Section        0  stm32f10x_usart.o(i.USART_SendData)
    i.UsageFault_Handler                     0x08002ef2   Section        0  stm32f10x_it.o(i.UsageFault_Handler)
    i.Wave_Beep                              0x08002ef8   Section        0  user.o(i.Wave_Beep)
    i.Wave_Distance                          0x08002f48   Section        0  wave.o(i.Wave_Distance)
    i.Wave_Init                              0x08002fe8   Section        0  wave.o(i.Wave_Init)
    i.Wave_Start                             0x080030a4   Section        0  wave.o(i.Wave_Start)
    i.__0printf                              0x080030c4   Section        0  printfa.o(i.__0printf)
    i.__scatterload_copy                     0x080030e4   Section       14  handlers.o(i.__scatterload_copy)
    i.__scatterload_null                     0x080030f2   Section        2  handlers.o(i.__scatterload_null)
    i.__scatterload_zeroinit                 0x080030f4   Section       14  handlers.o(i.__scatterload_zeroinit)
    i._fp_digits                             0x08003104   Section        0  printfa.o(i._fp_digits)
    _fp_digits                               0x08003105   Thumb Code   366  printfa.o(i._fp_digits)
    i._printf_core                           0x08003288   Section        0  printfa.o(i._printf_core)
    _printf_core                             0x08003289   Thumb Code  1704  printfa.o(i._printf_core)
    i._printf_post_padding                   0x0800393c   Section        0  printfa.o(i._printf_post_padding)
    _printf_post_padding                     0x0800393d   Thumb Code    36  printfa.o(i._printf_post_padding)
    i._printf_pre_padding                    0x08003960   Section        0  printfa.o(i._printf_pre_padding)
    _printf_pre_padding                      0x08003961   Thumb Code    46  printfa.o(i._printf_pre_padding)
    i.fputc                                  0x08003990   Section        0  serial.o(i.fputc)
    i.main                                   0x080039b4   Section        0  main.o(i.main)
    .constdata                               0x08003ae8   Section     8184  oled.o(.constdata)
    .constdata                               0x08005ae0   Section        6  rc522.o(.constdata)
    .conststring                             0x08005ae8   Section       34  esp8266.o(.conststring)
    .data                                    0x20000000   Section       20  stm32f10x_rcc.o(.data)
    APBAHBPrescTable                         0x20000000   Data          16  stm32f10x_rcc.o(.data)
    ADCPrescTable                            0x20000010   Data           4  stm32f10x_rcc.o(.data)
    .data                                    0x20000014   Section        4  user.o(.data)
    .data                                    0x20000018   Section        1  upload.o(.data)
    .data                                    0x20000019   Section        2  key.o(.data)
    .data                                    0x2000001c   Section        8  wave.o(.data)
    .data                                    0x20000024   Section       45  rc522.o(.data)
    .data                                    0x20000054   Section        4  serial.o(.data)
    .data                                    0x20000058   Section       20  rfid.o(.data)
    .data                                    0x2000006c   Section       16  esp8266.o(.data)
    .data                                    0x2000007c   Section        4  stdout.o(.data)
    .bss                                     0x20000080   Section       16  rc522.o(.bss)
    .bss                                     0x20000090   Section      250  serial.o(.bss)
    .bss                                     0x2000018c   Section       16  timer.o(.bss)
    STACK                                    0x200001a0   Section     1024  startup_stm32f10x_md.o(STACK)

    Global Symbols

    Symbol Name                              Value     Ov Type        Size  Object(Section)

    BuildAttributes$$THM_ISAv4$P$D$K$B$S$PE$A:L22UL41UL21$X:L11$S22US41US21$IEEE1$IW$USESV6$~STKCKD$USESV7$~SHL$OTIME$ROPI$IEEEX$EBA8$MICROLIB$REQ8$PRES8$EABIv2 0x00000000   Number         0  anon$$obj.o ABSOLUTE
    __ARM_use_no_argv                        0x00000000   Number         0  main.o ABSOLUTE
    _printf_a                                0x00000000   Number         0  stubs.o ABSOLUTE
    _printf_c                                0x00000000   Number         0  stubs.o ABSOLUTE
    _printf_charcount                        0x00000000   Number         0  stubs.o ABSOLUTE
    _printf_d                                0x00000000   Number         0  stubs.o ABSOLUTE
    _printf_e                                0x00000000   Number         0  stubs.o ABSOLUTE
    _printf_f                                0x00000000   Number         0  stubs.o ABSOLUTE
    _printf_flags                            0x00000000   Number         0  stubs.o ABSOLUTE
    _printf_fp_dec                           0x00000000   Number         0  stubs.o ABSOLUTE
    _printf_fp_hex                           0x00000000   Number         0  stubs.o ABSOLUTE
    _printf_g                                0x00000000   Number         0  stubs.o ABSOLUTE
    _printf_i                                0x00000000   Number         0  stubs.o ABSOLUTE
    _printf_int_dec                          0x00000000   Number         0  stubs.o ABSOLUTE
    _printf_l                                0x00000000   Number         0  stubs.o ABSOLUTE
    _printf_lc                               0x00000000   Number         0  stubs.o ABSOLUTE
    _printf_ll                               0x00000000   Number         0  stubs.o ABSOLUTE
    _printf_lld                              0x00000000   Number         0  stubs.o ABSOLUTE
    _printf_lli                              0x00000000   Number         0  stubs.o ABSOLUTE
    _printf_llo                              0x00000000   Number         0  stubs.o ABSOLUTE
    _printf_llu                              0x00000000   Number         0  stubs.o ABSOLUTE
    _printf_llx                              0x00000000   Number         0  stubs.o ABSOLUTE
    _printf_longlong_dec                     0x00000000   Number         0  stubs.o ABSOLUTE
    _printf_longlong_hex                     0x00000000   Number         0  stubs.o ABSOLUTE
    _printf_longlong_oct                     0x00000000   Number         0  stubs.o ABSOLUTE
    _printf_ls                               0x00000000   Number         0  stubs.o ABSOLUTE
    _printf_mbtowc                           0x00000000   Number         0  stubs.o ABSOLUTE
    _printf_n                                0x00000000   Number         0  stubs.o ABSOLUTE
    _printf_o                                0x00000000   Number         0  stubs.o ABSOLUTE
    _printf_p                                0x00000000   Number         0  stubs.o ABSOLUTE
    _printf_percent                          0x00000000   Number         0  stubs.o ABSOLUTE
    _printf_pre_padding                      0x00000000   Number         0  stubs.o ABSOLUTE
    _printf_return_value                     0x00000000   Number         0  stubs.o ABSOLUTE
    _printf_s                                0x00000000   Number         0  stubs.o ABSOLUTE
    _printf_sizespec                         0x00000000   Number         0  stubs.o ABSOLUTE
    _printf_str                              0x00000000   Number         0  stubs.o ABSOLUTE
    _printf_truncate_signed                  0x00000000   Number         0  stubs.o ABSOLUTE
    _printf_truncate_unsigned                0x00000000   Number         0  stubs.o ABSOLUTE
    _printf_u                                0x00000000   Number         0  stubs.o ABSOLUTE
    _printf_wc                               0x00000000   Number         0  stubs.o ABSOLUTE
    _printf_wctomb                           0x00000000   Number         0  stubs.o ABSOLUTE
    _printf_widthprec                        0x00000000   Number         0  stubs.o ABSOLUTE
    _printf_x                                0x00000000   Number         0  stubs.o ABSOLUTE
    __arm_fini_                               - Undefined Weak Reference
    __cpp_initialize__aeabi_                  - Undefined Weak Reference
    __cxa_finalize                            - Undefined Weak Reference
    __decompress                              - Undefined Weak Reference
    _clock_init                               - Undefined Weak Reference
    _microlib_exit                            - Undefined Weak Reference
    __Vectors_Size                           0x000000ec   Number         0  startup_stm32f10x_md.o ABSOLUTE
    __Vectors                                0x08000000   Data           4  startup_stm32f10x_md.o(RESET)
    __Vectors_End                            0x080000ec   Data           0  startup_stm32f10x_md.o(RESET)
    __main                                   0x080000ed   Thumb Code     0  entry.o(.ARM.Collect$$$$00000000)
    _main_stk                                0x080000ed   Thumb Code     0  entry2.o(.ARM.Collect$$$$00000001)
    _main_scatterload                        0x080000f1   Thumb Code     0  entry5.o(.ARM.Collect$$$$00000004)
    __main_after_scatterload                 0x080000f5   Thumb Code     0  entry5.o(.ARM.Collect$$$$00000004)
    _main_clock                              0x080000f5   Thumb Code     0  entry7b.o(.ARM.Collect$$$$00000008)
    _main_cpp_init                           0x080000f5   Thumb Code     0  entry8b.o(.ARM.Collect$$$$0000000A)
    _main_init                               0x080000f5   Thumb Code     0  entry9a.o(.ARM.Collect$$$$0000000B)
    __rt_lib_shutdown_fini                   0x080000fd   Thumb Code     0  entry12b.o(.ARM.Collect$$$$0000000E)
    __rt_final_cpp                           0x08000101   Thumb Code     0  entry10a.o(.ARM.Collect$$$$0000000F)
    __rt_final_exit                          0x08000101   Thumb Code     0  entry11a.o(.ARM.Collect$$$$00000011)
    Reset_Handler                            0x08000105   Thumb Code     8  startup_stm32f10x_md.o(.text)
    ADC1_2_IRQHandler                        0x0800011f   Thumb Code     0  startup_stm32f10x_md.o(.text)
    CAN1_RX1_IRQHandler                      0x0800011f   Thumb Code     0  startup_stm32f10x_md.o(.text)
    CAN1_SCE_IRQHandler                      0x0800011f   Thumb Code     0  startup_stm32f10x_md.o(.text)
    DMA1_Channel1_IRQHandler                 0x0800011f   Thumb Code     0  startup_stm32f10x_md.o(.text)
    DMA1_Channel2_IRQHandler                 0x0800011f   Thumb Code     0  startup_stm32f10x_md.o(.text)
    DMA1_Channel3_IRQHandler                 0x0800011f   Thumb Code     0  startup_stm32f10x_md.o(.text)
    DMA1_Channel4_IRQHandler                 0x0800011f   Thumb Code     0  startup_stm32f10x_md.o(.text)
    DMA1_Channel5_IRQHandler                 0x0800011f   Thumb Code     0  startup_stm32f10x_md.o(.text)
    DMA1_Channel6_IRQHandler                 0x0800011f   Thumb Code     0  startup_stm32f10x_md.o(.text)
    DMA1_Channel7_IRQHandler                 0x0800011f   Thumb Code     0  startup_stm32f10x_md.o(.text)
    EXTI0_IRQHandler                         0x0800011f   Thumb Code     0  startup_stm32f10x_md.o(.text)
    EXTI1_IRQHandler                         0x0800011f   Thumb Code     0  startup_stm32f10x_md.o(.text)
    EXTI2_IRQHandler                         0x0800011f   Thumb Code     0  startup_stm32f10x_md.o(.text)
    EXTI3_IRQHandler                         0x0800011f   Thumb Code     0  startup_stm32f10x_md.o(.text)
    EXTI4_IRQHandler                         0x0800011f   Thumb Code     0  startup_stm32f10x_md.o(.text)
    EXTI9_5_IRQHandler                       0x0800011f   Thumb Code     0  startup_stm32f10x_md.o(.text)
    FLASH_IRQHandler                         0x0800011f   Thumb Code     0  startup_stm32f10x_md.o(.text)
    I2C1_ER_IRQHandler                       0x0800011f   Thumb Code     0  startup_stm32f10x_md.o(.text)
    I2C1_EV_IRQHandler                       0x0800011f   Thumb Code     0  startup_stm32f10x_md.o(.text)
    I2C2_ER_IRQHandler                       0x0800011f   Thumb Code     0  startup_stm32f10x_md.o(.text)
    I2C2_EV_IRQHandler                       0x0800011f   Thumb Code     0  startup_stm32f10x_md.o(.text)
    PVD_IRQHandler                           0x0800011f   Thumb Code     0  startup_stm32f10x_md.o(.text)
    RCC_IRQHandler                           0x0800011f   Thumb Code     0  startup_stm32f10x_md.o(.text)
    RTCAlarm_IRQHandler                      0x0800011f   Thumb Code     0  startup_stm32f10x_md.o(.text)
    RTC_IRQHandler                           0x0800011f   Thumb Code     0  startup_stm32f10x_md.o(.text)
    SPI1_IRQHandler                          0x0800011f   Thumb Code     0  startup_stm32f10x_md.o(.text)
    SPI2_IRQHandler                          0x0800011f   Thumb Code     0  startup_stm32f10x_md.o(.text)
    TAMPER_IRQHandler                        0x0800011f   Thumb Code     0  startup_stm32f10x_md.o(.text)
    TIM1_BRK_IRQHandler                      0x0800011f   Thumb Code     0  startup_stm32f10x_md.o(.text)
    TIM1_CC_IRQHandler                       0x0800011f   Thumb Code     0  startup_stm32f10x_md.o(.text)
    TIM1_TRG_COM_IRQHandler                  0x0800011f   Thumb Code     0  startup_stm32f10x_md.o(.text)
    TIM1_UP_IRQHandler                       0x0800011f   Thumb Code     0  startup_stm32f10x_md.o(.text)
    USART2_IRQHandler                        0x0800011f   Thumb Code     0  startup_stm32f10x_md.o(.text)
    USART3_IRQHandler                        0x0800011f   Thumb Code     0  startup_stm32f10x_md.o(.text)
    USBWakeUp_IRQHandler                     0x0800011f   Thumb Code     0  startup_stm32f10x_md.o(.text)
    USB_HP_CAN1_TX_IRQHandler                0x0800011f   Thumb Code     0  startup_stm32f10x_md.o(.text)
    USB_LP_CAN1_RX0_IRQHandler               0x0800011f   Thumb Code     0  startup_stm32f10x_md.o(.text)
    WWDG_IRQHandler                          0x0800011f   Thumb Code     0  startup_stm32f10x_md.o(.text)
    __aeabi_memset                           0x08000129   Thumb Code    14  memseta.o(.text)
    __aeabi_memset4                          0x08000129   Thumb Code     0  memseta.o(.text)
    __aeabi_memset8                          0x08000129   Thumb Code     0  memseta.o(.text)
    __aeabi_memclr                           0x08000137   Thumb Code     4  memseta.o(.text)
    __aeabi_memclr4                          0x08000137   Thumb Code     0  memseta.o(.text)
    __aeabi_memclr8                          0x08000137   Thumb Code     0  memseta.o(.text)
    _memset$wrapper                          0x0800013b   Thumb Code    18  memseta.o(.text)
    strstr                                   0x0800014d   Thumb Code    36  strstr.o(.text)
    __aeabi_dmul                             0x08000171   Thumb Code   228  dmul.o(.text)
    __aeabi_ui2f                             0x08000255   Thumb Code    10  ffltui.o(.text)
    __aeabi_ui2d                             0x0800025f   Thumb Code    26  dfltui.o(.text)
    __aeabi_f2uiz                            0x08000279   Thumb Code    40  ffixui.o(.text)
    __aeabi_f2d                              0x080002a1   Thumb Code    38  f2d.o(.text)
    __aeabi_d2f                              0x080002c7   Thumb Code    56  d2f.o(.text)
    __aeabi_uidiv                            0x080002ff   Thumb Code     0  uidiv.o(.text)
    __aeabi_uidivmod                         0x080002ff   Thumb Code    44  uidiv.o(.text)
    __aeabi_uldivmod                         0x0800032b   Thumb Code    98  uldiv.o(.text)
    __aeabi_llsr                             0x0800038d   Thumb Code    32  llushr.o(.text)
    _ll_ushift_r                             0x0800038d   Thumb Code     0  llushr.o(.text)
    __I$use$fp                               0x080003ad   Thumb Code     0  iusefp.o(.text)
    _float_round                             0x080003ad   Thumb Code    18  fepilogue.o(.text)
    _float_epilogue                          0x080003bf   Thumb Code    92  fepilogue.o(.text)
    _double_round                            0x0800041b   Thumb Code    30  depilogue.o(.text)
    _double_epilogue                         0x08000439   Thumb Code   156  depilogue.o(.text)
    __aeabi_dadd                             0x080004d5   Thumb Code   322  dadd.o(.text)
    __aeabi_dsub                             0x08000617   Thumb Code     6  dadd.o(.text)
    __aeabi_drsub                            0x0800061d   Thumb Code     6  dadd.o(.text)
    __aeabi_ddiv                             0x08000623   Thumb Code   222  ddiv.o(.text)
    __aeabi_d2ulz                            0x08000701   Thumb Code    48  dfixul.o(.text)
    __aeabi_cdrcmple                         0x08000731   Thumb Code    48  cdrcmple.o(.text)
    __scatterload                            0x08000761   Thumb Code    28  init.o(.text)
    __scatterload_rt2                        0x08000761   Thumb Code     0  init.o(.text)
    __aeabi_llsl                             0x08000785   Thumb Code    30  llshl.o(.text)
    _ll_shift_l                              0x08000785   Thumb Code     0  llshl.o(.text)
    __aeabi_lasr                             0x080007a3   Thumb Code    36  llsshr.o(.text)
    _ll_sshift_r                             0x080007a3   Thumb Code     0  llsshr.o(.text)
    BEEP_Di                                  0x080007c7   Thumb Code    18  beep.o(i.BEEP_Di)
    BEEP_DiDiDi                              0x080007d9   Thumb Code    58  beep.o(i.BEEP_DiDiDi)
    BEEP_OFF                                 0x08000815   Thumb Code    12  beep.o(i.BEEP_OFF)
    BEEP_ON                                  0x08000825   Thumb Code    12  beep.o(i.BEEP_ON)
    Beep100                                  0x08000835   Thumb Code     8  beep.o(i.Beep100)
    Beep200                                  0x0800083d   Thumb Code    18  beep.o(i.Beep200)
    Beep300                                  0x0800084f   Thumb Code    18  beep.o(i.Beep300)
    Beep_Init                                0x08000861   Thumb Code    46  beep.o(i.Beep_Init)
    BusFault_Handler                         0x08000895   Thumb Code     4  stm32f10x_it.o(i.BusFault_Handler)
    DataUpload                               0x08000899   Thumb Code   208  user.o(i.DataUpload)
    DebugMon_Handler                         0x080009b5   Thumb Code     2  stm32f10x_it.o(i.DebugMon_Handler)
    Delay_ms                                 0x080009b7   Thumb Code    24  delay.o(i.Delay_ms)
    Delay_us                                 0x080009cf   Thumb Code    46  delay.o(i.Delay_us)
    ESP8266_Init                             0x080009fd   Thumb Code   104  esp8266.o(i.ESP8266_Init)
    ESP8266_Send                             0x08000aa9   Thumb Code    34  esp8266.o(i.ESP8266_Send)
    EXTI15_10_IRQHandler                     0x08000ae5   Thumb Code    48  key.o(i.EXTI15_10_IRQHandler)
    EXTI_ClearITPendingBit                   0x08000b1d   Thumb Code     6  stm32f10x_exti.o(i.EXTI_ClearITPendingBit)
    EXTI_GetITStatus                         0x08000b29   Thumb Code    34  stm32f10x_exti.o(i.EXTI_GetITStatus)
    EXTI_Init                                0x08000b51   Thumb Code   142  stm32f10x_exti.o(i.EXTI_Init)
    GPIO_EXTILineConfig                      0x08000be5   Thumb Code    60  stm32f10x_gpio.o(i.GPIO_EXTILineConfig)
    GPIO_Init                                0x08000c25   Thumb Code   278  stm32f10x_gpio.o(i.GPIO_Init)
    GPIO_ReadInputDataBit                    0x08000d3b   Thumb Code    18  stm32f10x_gpio.o(i.GPIO_ReadInputDataBit)
    GPIO_ResetBits                           0x08000d4d   Thumb Code     4  stm32f10x_gpio.o(i.GPIO_ResetBits)
    GPIO_SetBits                             0x08000d51   Thumb Code     4  stm32f10x_gpio.o(i.GPIO_SetBits)
    GPIO_WriteBit                            0x08000d55   Thumb Code    10  stm32f10x_gpio.o(i.GPIO_WriteBit)
    HardFault_Handler                        0x08000d5f   Thumb Code     4  stm32f10x_it.o(i.HardFault_Handler)
    HardwareSPI_Init                         0x08000d65   Thumb Code   176  spi.o(i.HardwareSPI_Init)
    HardwareSPI_SwapByte                     0x08000e1d   Thumb Code    50  spi.o(i.HardwareSPI_SwapByte)
    KEY1Recharge                             0x08000e55   Thumb Code   440  user.o(i.KEY1Recharge)
    KEY2Search                               0x08001011   Thumb Code   472  user.o(i.KEY2Search)
    KeyIT_Init                               0x080011f1   Thumb Code   160  key.o(i.KeyIT_Init)
    KeyIT_SwiInit                            0x08001295   Thumb Code    62  key.o(i.KeyIT_SwiInit)
    MFRC_CalulateCRC                         0x080012d5   Thumb Code   104  rc522.o(i.MFRC_CalulateCRC)
    MFRC_ClrBitMask                          0x08001341   Thumb Code    26  rc522.o(i.MFRC_ClrBitMask)
    MFRC_CmdFrame                            0x0800135b   Thumb Code   308  rc522.o(i.MFRC_CmdFrame)
    MFRC_Init                                0x08001491   Thumb Code    24  rc522.o(i.MFRC_Init)
    MFRC_ReadReg                             0x080014ad   Thumb Code    52  rc522.o(i.MFRC_ReadReg)
    MFRC_SetBitMask                          0x080014e5   Thumb Code    28  rc522.o(i.MFRC_SetBitMask)
    MFRC_WriteReg                            0x08001501   Thumb Code    46  rc522.o(i.MFRC_WriteReg)
    MemManage_Handler                        0x08001535   Thumb Code     4  stm32f10x_it.o(i.MemManage_Handler)
    NMI_Handler                              0x08001539   Thumb Code     2  stm32f10x_it.o(i.NMI_Handler)
    NVIC_Init                                0x0800153d   Thumb Code   100  misc.o(i.NVIC_Init)
    NVIC_PriorityGroupConfig                 0x080015ad   Thumb Code    10  misc.o(i.NVIC_PriorityGroupConfig)
    OLED_Clear                               0x080015c1   Thumb Code    42  oled.o(i.OLED_Clear)
    OLED_I2C_Init                            0x080015ed   Thumb Code    76  oled.o(i.OLED_I2C_Init)
    OLED_I2C_SendByte                        0x0800163d   Thumb Code    80  oled.o(i.OLED_I2C_SendByte)
    OLED_I2C_Start                           0x08001691   Thumb Code    48  oled.o(i.OLED_I2C_Start)
    OLED_I2C_Stop                            0x080016c5   Thumb Code    36  oled.o(i.OLED_I2C_Stop)
    OLED_Init                                0x080016ed   Thumb Code   174  oled.o(i.OLED_Init)
    OLED_Pow                                 0x0800179b   Thumb Code    20  oled.o(i.OLED_Pow)
    OLED_SetCursor                           0x080017af   Thumb Code    34  oled.o(i.OLED_SetCursor)
    OLED_ShowChar                            0x080017d1   Thumb Code   110  oled.o(i.OLED_ShowChar)
    OLED_ShowChinese                         0x08001845   Thumb Code   102  oled.o(i.OLED_ShowChinese)
    OLED_ShowGarge                           0x080018b1   Thumb Code   288  user.o(i.OLED_ShowGarge)
    OLED_ShowNum                             0x080019f1   Thumb Code    68  oled.o(i.OLED_ShowNum)
    OLED_ShowString                          0x08001a35   Thumb Code    40  oled.o(i.OLED_ShowString)
    OLED_WriteCommand                        0x08001a5d   Thumb Code    32  oled.o(i.OLED_WriteCommand)
    OLED_WriteData                           0x08001a7d   Thumb Code    32  oled.o(i.OLED_WriteData)
    PCD_AntennaOff                           0x08001a9d   Thumb Code    12  rc522.o(i.PCD_AntennaOff)
    PCD_AntennaOn                            0x08001aa9   Thumb Code    26  rc522.o(i.PCD_AntennaOn)
    PCD_Anticoll                             0x08001ac3   Thumb Code   112  rc522.o(i.PCD_Anticoll)
    PCD_AuthState                            0x08001b33   Thumb Code   110  rc522.o(i.PCD_AuthState)
    PCD_Init                                 0x08001ba1   Thumb Code    26  rc522.o(i.PCD_Init)
    PCD_ReadBlock                            0x08001bbb   Thumb Code    86  rc522.o(i.PCD_ReadBlock)
    PCD_Request                              0x08001c11   Thumb Code    86  rc522.o(i.PCD_Request)
    PCD_Reset                                0x08001c69   Thumb Code   128  rc522.o(i.PCD_Reset)
    PCD_Select                               0x08001ced   Thumb Code   116  rc522.o(i.PCD_Select)
    PCD_Value                                0x08001d61   Thumb Code   188  rc522.o(i.PCD_Value)
    PendSV_Handler                           0x08001e1d   Thumb Code     2  stm32f10x_it.o(i.PendSV_Handler)
    RCC_APB1PeriphClockCmd                   0x08001e21   Thumb Code    26  stm32f10x_rcc.o(i.RCC_APB1PeriphClockCmd)
    RCC_APB1PeriphResetCmd                   0x08001e41   Thumb Code    26  stm32f10x_rcc.o(i.RCC_APB1PeriphResetCmd)
    RCC_APB2PeriphClockCmd                   0x08001e61   Thumb Code    26  stm32f10x_rcc.o(i.RCC_APB2PeriphClockCmd)
    RCC_APB2PeriphResetCmd                   0x08001e81   Thumb Code    26  stm32f10x_rcc.o(i.RCC_APB2PeriphResetCmd)
    RCC_GetClocksFreq                        0x08001ea1   Thumb Code   192  stm32f10x_rcc.o(i.RCC_GetClocksFreq)
    RFID_Compare                             0x08001f75   Thumb Code    34  rfid.o(i.RFID_Compare)
    RFID_DecRead                             0x08001f99   Thumb Code   108  rfid.o(i.RFID_DecRead)
    RFID_Deduction                           0x08002015   Thumb Code    48  rfid.o(i.RFID_Deduction)
    RFID_FindCard                            0x08002051   Thumb Code    28  rfid.o(i.RFID_FindCard)
    RFID_Garge                               0x08002075   Thumb Code   114  rfid.o(i.RFID_Garge)
    RFID_MoneyChangeToArr                    0x080020ed   Thumb Code    86  rfid.o(i.RFID_MoneyChangeToArr)
    RFID_Read                                0x08002145   Thumb Code    90  rfid.o(i.RFID_Read)
    RFID_Recharge                            0x080021b1   Thumb Code    52  rfid.o(i.RFID_Recharge)
    RFID_SelectCard                          0x080021f1   Thumb Code    68  rfid.o(i.RFID_SelectCard)
    RFID_manage_garge                        0x08002241   Thumb Code   710  rfid.o(i.RFID_manage_garge)
    SPI_Cmd                                  0x08002531   Thumb Code    24  stm32f10x_spi.o(i.SPI_Cmd)
    SPI_I2S_GetFlagStatus                    0x08002549   Thumb Code    18  stm32f10x_spi.o(i.SPI_I2S_GetFlagStatus)
    SPI_I2S_ReceiveData                      0x0800255b   Thumb Code     6  stm32f10x_spi.o(i.SPI_I2S_ReceiveData)
    SPI_I2S_SendData                         0x08002561   Thumb Code     4  stm32f10x_spi.o(i.SPI_I2S_SendData)
    SPI_Init                                 0x08002565   Thumb Code    60  stm32f10x_spi.o(i.SPI_Init)
    SVC_Handler                              0x080025a1   Thumb Code     2  stm32f10x_it.o(i.SVC_Handler)
    Serial_Init                              0x080025a5   Thumb Code   178  serial.o(i.Serial_Init)
    SoftwareSPI_W_CS                         0x08002749   Thumb Code    16  spi.o(i.SoftwareSPI_W_CS)
    SysTick_Handler                          0x0800275d   Thumb Code     2  stm32f10x_it.o(i.SysTick_Handler)
    SystemInit                               0x08002761   Thumb Code    78  system_stm32f10x.o(i.SystemInit)
    TIM2_IRQHandler                          0x080027c1   Thumb Code    34  wave.o(i.TIM2_IRQHandler)
    TIM3Disable                              0x080027e9   Thumb Code    22  timer.o(i.TIM3Disable)
    TIM3Enable                               0x08002809   Thumb Code    12  timer.o(i.TIM3Enable)
    TIM3_IRQHandler                          0x08002819   Thumb Code    88  timer.o(i.TIM3_IRQHandler)
    TIM3_Init                                0x0800287d   Thumb Code   120  timer.o(i.TIM3_Init)
    TIM4IT_Init                              0x080028f9   Thumb Code   122  upload.o(i.TIM4IT_Init)
    TIM4_IRQHandler                          0x08002979   Thumb Code    28  upload.o(i.TIM4_IRQHandler)
    TIM_ClearFlag                            0x0800299d   Thumb Code     6  stm32f10x_tim.o(i.TIM_ClearFlag)
    TIM_ClearITPendingBit                    0x080029a3   Thumb Code     6  stm32f10x_tim.o(i.TIM_ClearITPendingBit)
    TIM_Cmd                                  0x080029a9   Thumb Code    24  stm32f10x_tim.o(i.TIM_Cmd)
    TIM_DeInit                               0x080029c1   Thumb Code   424  stm32f10x_tim.o(i.TIM_DeInit)
    TIM_GetCounter                           0x08002ba9   Thumb Code     6  stm32f10x_tim.o(i.TIM_GetCounter)
    TIM_GetITStatus                          0x08002baf   Thumb Code    34  stm32f10x_tim.o(i.TIM_GetITStatus)
    TIM_ITConfig                             0x08002bd1   Thumb Code    18  stm32f10x_tim.o(i.TIM_ITConfig)
    TIM_InternalClockConfig                  0x08002be3   Thumb Code    12  stm32f10x_tim.o(i.TIM_InternalClockConfig)
    TIM_SetCounter                           0x08002bef   Thumb Code     4  stm32f10x_tim.o(i.TIM_SetCounter)
    TIM_TimeBaseInit                         0x08002bf5   Thumb Code   122  stm32f10x_tim.o(i.TIM_TimeBaseInit)
    USART1_IRQHandler                        0x08002c99   Thumb Code   114  serial.o(i.USART1_IRQHandler)
    USART_ClearITPendingBit                  0x08002d19   Thumb Code    30  stm32f10x_usart.o(i.USART_ClearITPendingBit)
    USART_Cmd                                0x08002d37   Thumb Code    24  stm32f10x_usart.o(i.USART_Cmd)
    USART_GetFlagStatus                      0x08002d4f   Thumb Code    26  stm32f10x_usart.o(i.USART_GetFlagStatus)
    USART_GetITStatus                        0x08002d69   Thumb Code    84  stm32f10x_usart.o(i.USART_GetITStatus)
    USART_ITConfig                           0x08002dbd   Thumb Code    74  stm32f10x_usart.o(i.USART_ITConfig)
    USART_Init                               0x08002e09   Thumb Code   210  stm32f10x_usart.o(i.USART_Init)
    USART_ReceiveData                        0x08002ee1   Thumb Code    10  stm32f10x_usart.o(i.USART_ReceiveData)
    USART_SendData                           0x08002eeb   Thumb Code     8  stm32f10x_usart.o(i.USART_SendData)
    UsageFault_Handler                       0x08002ef3   Thumb Code     4  stm32f10x_it.o(i.UsageFault_Handler)
    Wave_Beep                                0x08002ef9   Thumb Code    74  user.o(i.Wave_Beep)
    Wave_Distance                            0x08002f49   Thumb Code   142  wave.o(i.Wave_Distance)
    Wave_Init                                0x08002fe9   Thumb Code   182  wave.o(i.Wave_Init)
    Wave_Start                               0x080030a5   Thumb Code    26  wave.o(i.Wave_Start)
    __0printf                                0x080030c5   Thumb Code    22  printfa.o(i.__0printf)
    __1printf                                0x080030c5   Thumb Code     0  printfa.o(i.__0printf)
    __2printf                                0x080030c5   Thumb Code     0  printfa.o(i.__0printf)
    __c89printf                              0x080030c5   Thumb Code     0  printfa.o(i.__0printf)
    printf                                   0x080030c5   Thumb Code     0  printfa.o(i.__0printf)
    __scatterload_copy                       0x080030e5   Thumb Code    14  handlers.o(i.__scatterload_copy)
    __scatterload_null                       0x080030f3   Thumb Code     2  handlers.o(i.__scatterload_null)
    __scatterload_zeroinit                   0x080030f5   Thumb Code    14  handlers.o(i.__scatterload_zeroinit)
    fputc                                    0x08003991   Thumb Code    32  serial.o(i.fputc)
    main                                     0x080039b5   Thumb Code   260  main.o(i.main)
    OLED_F8x16                               0x08003ae8   Data        1520  oled.o(.constdata)
    Hzk1                                     0x080040d8   Data        5952  oled.o(.constdata)
    Hzk2                                     0x08005818   Data          72  oled.o(.constdata)
    Hzk3                                     0x08005860   Data         128  oled.o(.constdata)
    Hzk4                                     0x080058e0   Data         512  oled.o(.constdata)
    KeyA                                     0x08005ae0   Data           6  rc522.o(.constdata)
    Region$$Table$$Base                      0x08005b0c   Number         0  anon$$obj.o(Region$$Table)
    Region$$Table$$Limit                     0x08005b2c   Number         0  anon$$obj.o(Region$$Table)
    distance                                 0x20000014   Data           4  user.o(.data)
    send                                     0x20000018   Data           1  upload.o(.data)
    Key1                                     0x20000019   Data           1  key.o(.data)
    Key2                                     0x2000001a   Data           1  key.o(.data)
    ultra_value                              0x2000001c   Data           4  wave.o(.data)
    msCount                                  0x20000020   Data           4  wave.o(.data)
    CardType                                 0x20000024   Data           1  rc522.o(.data)
    CardID                                   0x20000025   Data           4  rc522.o(.data)
    WData                                    0x20000029   Data          16  rc522.o(.data)
    Wallet_Init                              0x20000039   Data          16  rc522.o(.data)
    Recharge_Value                           0x20000049   Data           4  rc522.o(.data)
    Deduction_Value                          0x2000004d   Data           4  rc522.o(.data)
    pRxPacket                                0x20000054   Data           4  serial.o(.data)
    Card1                                    0x20000058   Data           4  rfid.o(.data)
    Card2                                    0x2000005c   Data           4  rfid.o(.data)
    CardInit                                 0x20000060   Data           4  rfid.o(.data)
    Money                                    0x20000064   Data           4  rfid.o(.data)
    Garge                                    0x20000068   Data           4  rfid.o(.data)
    ProductID                                0x2000006c   Data           4  esp8266.o(.data)
    UserID                                   0x20000070   Data           4  esp8266.o(.data)
    DeviceID                                 0x20000074   Data           4  esp8266.o(.data)
    Device_AuthID                            0x20000078   Data           4  esp8266.o(.data)
    __stdout                                 0x2000007c   Data           4  stdout.o(.data)
    RData                                    0x20000080   Data          16  rc522.o(.bss)
    Serial_RxPacket                          0x20000090   Data         250  serial.o(.bss)
    second                                   0x2000018c   Data          16  timer.o(.bss)
    __initial_sp                             0x200005a0   Data           0  startup_stm32f10x_md.o(STACK)



==============================================================================

Memory Map of the image

  Image Entry point : 0x08000105

  Load Region LR_1 (Base: 0x08000000, Size: 0x00005bac, Max: 0xffffffff, ABSOLUTE)

    Execution Region ER_RO (Exec base: 0x08000000, Load base: 0x08000000, Size: 0x00005b2c, Max: 0xffffffff, ABSOLUTE)

    Exec Addr    Load Addr    Size         Type   Attr      Idx    E Section Name        Object

    0x08000000   0x08000000   0x000000ec   Data   RO          121    RESET               startup_stm32f10x_md.o
    0x080000ec   0x080000ec   0x00000000   Code   RO         4306  * .ARM.Collect$$$$00000000  mc_w.l(entry.o)
    0x080000ec   0x080000ec   0x00000004   Code   RO         4621    .ARM.Collect$$$$00000001  mc_w.l(entry2.o)
    0x080000f0   0x080000f0   0x00000004   Code   RO         4624    .ARM.Collect$$$$00000004  mc_w.l(entry5.o)
    0x080000f4   0x080000f4   0x00000000   Code   RO         4626    .ARM.Collect$$$$00000008  mc_w.l(entry7b.o)
    0x080000f4   0x080000f4   0x00000000   Code   RO         4628    .ARM.Collect$$$$0000000A  mc_w.l(entry8b.o)
    0x080000f4   0x080000f4   0x00000008   Code   RO         4629    .ARM.Collect$$$$0000000B  mc_w.l(entry9a.o)
    0x080000fc   0x080000fc   0x00000004   Code   RO         4636    .ARM.Collect$$$$0000000E  mc_w.l(entry12b.o)
    0x08000100   0x08000100   0x00000000   Code   RO         4631    .ARM.Collect$$$$0000000F  mc_w.l(entry10a.o)
    0x08000100   0x08000100   0x00000000   Code   RO         4633    .ARM.Collect$$$$00000011  mc_w.l(entry11a.o)
    0x08000100   0x08000100   0x00000004   Code   RO         4622    .ARM.Collect$$$$00002712  mc_w.l(entry2.o)
    0x08000104   0x08000104   0x00000024   Code   RO          122  * .text               startup_stm32f10x_md.o
    0x08000128   0x08000128   0x00000024   Code   RO         4309    .text               mc_w.l(memseta.o)
    0x0800014c   0x0800014c   0x00000024   Code   RO         4311    .text               mc_w.l(strstr.o)
    0x08000170   0x08000170   0x000000e4   Code   RO         4576    .text               mf_w.l(dmul.o)
    0x08000254   0x08000254   0x0000000a   Code   RO         4580    .text               mf_w.l(ffltui.o)
    0x0800025e   0x0800025e   0x0000001a   Code   RO         4582    .text               mf_w.l(dfltui.o)
    0x08000278   0x08000278   0x00000028   Code   RO         4586    .text               mf_w.l(ffixui.o)
    0x080002a0   0x080002a0   0x00000026   Code   RO         4590    .text               mf_w.l(f2d.o)
    0x080002c6   0x080002c6   0x00000038   Code   RO         4592    .text               mf_w.l(d2f.o)
    0x080002fe   0x080002fe   0x0000002c   Code   RO         4638    .text               mc_w.l(uidiv.o)
    0x0800032a   0x0800032a   0x00000062   Code   RO         4640    .text               mc_w.l(uldiv.o)
    0x0800038c   0x0800038c   0x00000020   Code   RO         4642    .text               mc_w.l(llushr.o)
    0x080003ac   0x080003ac   0x00000000   Code   RO         4651    .text               mc_w.l(iusefp.o)
    0x080003ac   0x080003ac   0x0000006e   Code   RO         4652    .text               mf_w.l(fepilogue.o)
    0x0800041a   0x0800041a   0x000000ba   Code   RO         4654    .text               mf_w.l(depilogue.o)
    0x080004d4   0x080004d4   0x0000014e   Code   RO         4656    .text               mf_w.l(dadd.o)
    0x08000622   0x08000622   0x000000de   Code   RO         4658    .text               mf_w.l(ddiv.o)
    0x08000700   0x08000700   0x00000030   Code   RO         4664    .text               mf_w.l(dfixul.o)
    0x08000730   0x08000730   0x00000030   Code   RO         4666    .text               mf_w.l(cdrcmple.o)
    0x08000760   0x08000760   0x00000024   Code   RO         4668    .text               mc_w.l(init.o)
    0x08000784   0x08000784   0x0000001e   Code   RO         4670    .text               mc_w.l(llshl.o)
    0x080007a2   0x080007a2   0x00000024   Code   RO         4672    .text               mc_w.l(llsshr.o)
    0x080007c6   0x080007c6   0x00000012   Code   RO         4158    i.BEEP_Di           beep.o
    0x080007d8   0x080007d8   0x0000003a   Code   RO         4160    i.BEEP_DiDiDi       beep.o
    0x08000812   0x08000812   0x00000002   PAD
    0x08000814   0x08000814   0x00000010   Code   RO         4161    i.BEEP_OFF          beep.o
    0x08000824   0x08000824   0x00000010   Code   RO         4162    i.BEEP_ON           beep.o
    0x08000834   0x08000834   0x00000008   Code   RO         4164    i.Beep100           beep.o
    0x0800083c   0x0800083c   0x00000012   Code   RO         4165    i.Beep200           beep.o
    0x0800084e   0x0800084e   0x00000012   Code   RO         4166    i.Beep300           beep.o
    0x08000860   0x08000860   0x00000034   Code   RO         4167    i.Beep_Init         beep.o
    0x08000894   0x08000894   0x00000004   Code   RO         3262    i.BusFault_Handler  stm32f10x_it.o
    0x08000898   0x08000898   0x0000011c   Code   RO         3325    i.DataUpload        user.o
    0x080009b4   0x080009b4   0x00000002   Code   RO         3263    i.DebugMon_Handler  stm32f10x_it.o
    0x080009b6   0x080009b6   0x00000018   Code   RO         3368    i.Delay_ms          delay.o
    0x080009ce   0x080009ce   0x0000002e   Code   RO         3370    i.Delay_us          delay.o
    0x080009fc   0x080009fc   0x000000ac   Code   RO         4264    i.ESP8266_Init      esp8266.o
    0x08000aa8   0x08000aa8   0x0000003c   Code   RO         4265    i.ESP8266_Send      esp8266.o
    0x08000ae4   0x08000ae4   0x00000038   Code   RO         3542    i.EXTI15_10_IRQHandler  key.o
    0x08000b1c   0x08000b1c   0x0000000c   Code   RO          985    i.EXTI_ClearITPendingBit  stm32f10x_exti.o
    0x08000b28   0x08000b28   0x00000028   Code   RO          989    i.EXTI_GetITStatus  stm32f10x_exti.o
    0x08000b50   0x08000b50   0x00000094   Code   RO          990    i.EXTI_Init         stm32f10x_exti.o
    0x08000be4   0x08000be4   0x00000040   Code   RO         1344    i.GPIO_EXTILineConfig  stm32f10x_gpio.o
    0x08000c24   0x08000c24   0x00000116   Code   RO         1347    i.GPIO_Init         stm32f10x_gpio.o
    0x08000d3a   0x08000d3a   0x00000012   Code   RO         1351    i.GPIO_ReadInputDataBit  stm32f10x_gpio.o
    0x08000d4c   0x08000d4c   0x00000004   Code   RO         1354    i.GPIO_ResetBits    stm32f10x_gpio.o
    0x08000d50   0x08000d50   0x00000004   Code   RO         1355    i.GPIO_SetBits      stm32f10x_gpio.o
    0x08000d54   0x08000d54   0x0000000a   Code   RO         1358    i.GPIO_WriteBit     stm32f10x_gpio.o
    0x08000d5e   0x08000d5e   0x00000004   Code   RO         3264    i.HardFault_Handler  stm32f10x_it.o
    0x08000d62   0x08000d62   0x00000002   PAD
    0x08000d64   0x08000d64   0x000000b8   Code   RO         3751    i.HardwareSPI_Init  spi.o
    0x08000e1c   0x08000e1c   0x00000038   Code   RO         3752    i.HardwareSPI_SwapByte  spi.o
    0x08000e54   0x08000e54   0x000001bc   Code   RO         3326    i.KEY1Recharge      user.o
    0x08001010   0x08001010   0x000001e0   Code   RO         3327    i.KEY2Search        user.o
    0x080011f0   0x080011f0   0x000000a4   Code   RO         3543    i.KeyIT_Init        key.o
    0x08001294   0x08001294   0x0000003e   Code   RO         3544    i.KeyIT_SwiInit     key.o
    0x080012d2   0x080012d2   0x00000002   PAD
    0x080012d4   0x080012d4   0x0000006c   Code   RO         3835    i.MFRC_CalulateCRC  rc522.o
    0x08001340   0x08001340   0x0000001a   Code   RO         3836    i.MFRC_ClrBitMask   rc522.o
    0x0800135a   0x0800135a   0x00000134   Code   RO         3837    i.MFRC_CmdFrame     rc522.o
    0x0800148e   0x0800148e   0x00000002   PAD
    0x08001490   0x08001490   0x0000001c   Code   RO         3838    i.MFRC_Init         rc522.o
    0x080014ac   0x080014ac   0x00000038   Code   RO         3839    i.MFRC_ReadReg      rc522.o
    0x080014e4   0x080014e4   0x0000001c   Code   RO         3840    i.MFRC_SetBitMask   rc522.o
    0x08001500   0x08001500   0x00000034   Code   RO         3841    i.MFRC_WriteReg     rc522.o
    0x08001534   0x08001534   0x00000004   Code   RO         3265    i.MemManage_Handler  stm32f10x_it.o
    0x08001538   0x08001538   0x00000002   Code   RO         3266    i.NMI_Handler       stm32f10x_it.o
    0x0800153a   0x0800153a   0x00000002   PAD
    0x0800153c   0x0800153c   0x00000070   Code   RO          137    i.NVIC_Init         misc.o
    0x080015ac   0x080015ac   0x00000014   Code   RO          138    i.NVIC_PriorityGroupConfig  misc.o
    0x080015c0   0x080015c0   0x0000002a   Code   RO         3572    i.OLED_Clear        oled.o
    0x080015ea   0x080015ea   0x00000002   PAD
    0x080015ec   0x080015ec   0x00000050   Code   RO         3575    i.OLED_I2C_Init     oled.o
    0x0800163c   0x0800163c   0x00000054   Code   RO         3576    i.OLED_I2C_SendByte  oled.o
    0x08001690   0x08001690   0x00000034   Code   RO         3577    i.OLED_I2C_Start    oled.o
    0x080016c4   0x080016c4   0x00000028   Code   RO         3578    i.OLED_I2C_Stop     oled.o
    0x080016ec   0x080016ec   0x000000ae   Code   RO         3579    i.OLED_Init         oled.o
    0x0800179a   0x0800179a   0x00000014   Code   RO         3580    i.OLED_Pow          oled.o
    0x080017ae   0x080017ae   0x00000022   Code   RO         3581    i.OLED_SetCursor    oled.o
    0x080017d0   0x080017d0   0x00000074   Code   RO         3583    i.OLED_ShowChar     oled.o
    0x08001844   0x08001844   0x0000006c   Code   RO         3584    i.OLED_ShowChinese  oled.o
    0x080018b0   0x080018b0   0x00000140   Code   RO         3328    i.OLED_ShowGarge    user.o
    0x080019f0   0x080019f0   0x00000044   Code   RO         3587    i.OLED_ShowNum      oled.o
    0x08001a34   0x08001a34   0x00000028   Code   RO         3589    i.OLED_ShowString   oled.o
    0x08001a5c   0x08001a5c   0x00000020   Code   RO         3590    i.OLED_WriteCommand  oled.o
    0x08001a7c   0x08001a7c   0x00000020   Code   RO         3591    i.OLED_WriteData    oled.o
    0x08001a9c   0x08001a9c   0x0000000c   Code   RO         3842    i.PCD_AntennaOff    rc522.o
    0x08001aa8   0x08001aa8   0x0000001a   Code   RO         3843    i.PCD_AntennaOn     rc522.o
    0x08001ac2   0x08001ac2   0x00000070   Code   RO         3844    i.PCD_Anticoll      rc522.o
    0x08001b32   0x08001b32   0x0000006e   Code   RO         3845    i.PCD_AuthState     rc522.o
    0x08001ba0   0x08001ba0   0x0000001a   Code   RO         3848    i.PCD_Init          rc522.o
    0x08001bba   0x08001bba   0x00000056   Code   RO         3849    i.PCD_ReadBlock     rc522.o
    0x08001c10   0x08001c10   0x00000056   Code   RO         3850    i.PCD_Request       rc522.o
    0x08001c66   0x08001c66   0x00000002   PAD
    0x08001c68   0x08001c68   0x00000084   Code   RO         3851    i.PCD_Reset         rc522.o
    0x08001cec   0x08001cec   0x00000074   Code   RO         3852    i.PCD_Select        rc522.o
    0x08001d60   0x08001d60   0x000000bc   Code   RO         3853    i.PCD_Value         rc522.o
    0x08001e1c   0x08001e1c   0x00000002   Code   RO         3267    i.PendSV_Handler    stm32f10x_it.o
    0x08001e1e   0x08001e1e   0x00000002   PAD
    0x08001e20   0x08001e20   0x00000020   Code   RO         1775    i.RCC_APB1PeriphClockCmd  stm32f10x_rcc.o
    0x08001e40   0x08001e40   0x00000020   Code   RO         1776    i.RCC_APB1PeriphResetCmd  stm32f10x_rcc.o
    0x08001e60   0x08001e60   0x00000020   Code   RO         1777    i.RCC_APB2PeriphClockCmd  stm32f10x_rcc.o
    0x08001e80   0x08001e80   0x00000020   Code   RO         1778    i.RCC_APB2PeriphResetCmd  stm32f10x_rcc.o
    0x08001ea0   0x08001ea0   0x000000d4   Code   RO         1785    i.RCC_GetClocksFreq  stm32f10x_rcc.o
    0x08001f74   0x08001f74   0x00000022   Code   RO         4054    i.RFID_Compare      rfid.o
    0x08001f96   0x08001f96   0x00000002   PAD
    0x08001f98   0x08001f98   0x0000007c   Code   RO         4055    i.RFID_DecRead      rfid.o
    0x08002014   0x08002014   0x0000003c   Code   RO         4056    i.RFID_Deduction    rfid.o
    0x08002050   0x08002050   0x00000024   Code   RO         4057    i.RFID_FindCard     rfid.o
    0x08002074   0x08002074   0x00000078   Code   RO         4058    i.RFID_Garge        rfid.o
    0x080020ec   0x080020ec   0x00000056   Code   RO         4060    i.RFID_MoneyChangeToArr  rfid.o
    0x08002142   0x08002142   0x00000002   PAD
    0x08002144   0x08002144   0x0000006c   Code   RO         4061    i.RFID_Read         rfid.o
    0x080021b0   0x080021b0   0x00000040   Code   RO         4062    i.RFID_Recharge     rfid.o
    0x080021f0   0x080021f0   0x00000050   Code   RO         4063    i.RFID_SelectCard   rfid.o
    0x08002240   0x08002240   0x000002f0   Code   RO         4065    i.RFID_manage_garge  rfid.o
    0x08002530   0x08002530   0x00000018   Code   RO         2263    i.SPI_Cmd           stm32f10x_spi.o
    0x08002548   0x08002548   0x00000012   Code   RO         2271    i.SPI_I2S_GetFlagStatus  stm32f10x_spi.o
    0x0800255a   0x0800255a   0x00000006   Code   RO         2274    i.SPI_I2S_ReceiveData  stm32f10x_spi.o
    0x08002560   0x08002560   0x00000004   Code   RO         2275    i.SPI_I2S_SendData  stm32f10x_spi.o
    0x08002564   0x08002564   0x0000003c   Code   RO         2276    i.SPI_Init          stm32f10x_spi.o
    0x080025a0   0x080025a0   0x00000002   Code   RO         3268    i.SVC_Handler       stm32f10x_it.o
    0x080025a2   0x080025a2   0x00000002   PAD
    0x080025a4   0x080025a4   0x000000bc   Code   RO         3983    i.Serial_Init       serial.o
    0x08002660   0x08002660   0x00000008   Code   RO            1    i.SetSysClock       system_stm32f10x.o
    0x08002668   0x08002668   0x000000e0   Code   RO            2    i.SetSysClockTo72   system_stm32f10x.o
    0x08002748   0x08002748   0x00000014   Code   RO         3761    i.SoftwareSPI_W_CS  spi.o
    0x0800275c   0x0800275c   0x00000002   Code   RO         3269    i.SysTick_Handler   stm32f10x_it.o
    0x0800275e   0x0800275e   0x00000002   PAD
    0x08002760   0x08002760   0x00000060   Code   RO            4    i.SystemInit        system_stm32f10x.o
    0x080027c0   0x080027c0   0x00000028   Code   RO         3709    i.TIM2_IRQHandler   wave.o
    0x080027e8   0x080027e8   0x00000020   Code   RO         4224    i.TIM3Disable       timer.o
    0x08002808   0x08002808   0x00000010   Code   RO         4225    i.TIM3Enable        timer.o
    0x08002818   0x08002818   0x00000064   Code   RO         4226    i.TIM3_IRQHandler   timer.o
    0x0800287c   0x0800287c   0x0000007c   Code   RO         4227    i.TIM3_Init         timer.o
    0x080028f8   0x080028f8   0x00000080   Code   RO         3393    i.TIM4IT_Init       upload.o
    0x08002978   0x08002978   0x00000024   Code   RO         3394    i.TIM4_IRQHandler   upload.o
    0x0800299c   0x0800299c   0x00000006   Code   RO         2415    i.TIM_ClearFlag     stm32f10x_tim.o
    0x080029a2   0x080029a2   0x00000006   Code   RO         2416    i.TIM_ClearITPendingBit  stm32f10x_tim.o
    0x080029a8   0x080029a8   0x00000018   Code   RO         2421    i.TIM_Cmd           stm32f10x_tim.o
    0x080029c0   0x080029c0   0x000001e8   Code   RO         2426    i.TIM_DeInit        stm32f10x_tim.o
    0x08002ba8   0x08002ba8   0x00000006   Code   RO         2440    i.TIM_GetCounter    stm32f10x_tim.o
    0x08002bae   0x08002bae   0x00000022   Code   RO         2442    i.TIM_GetITStatus   stm32f10x_tim.o
    0x08002bd0   0x08002bd0   0x00000012   Code   RO         2446    i.TIM_ITConfig      stm32f10x_tim.o
    0x08002be2   0x08002be2   0x0000000c   Code   RO         2448    i.TIM_InternalClockConfig  stm32f10x_tim.o
    0x08002bee   0x08002bee   0x00000004   Code   RO         2486    i.TIM_SetCounter    stm32f10x_tim.o
    0x08002bf2   0x08002bf2   0x00000002   PAD
    0x08002bf4   0x08002bf4   0x000000a4   Code   RO         2492    i.TIM_TimeBaseInit  stm32f10x_tim.o
    0x08002c98   0x08002c98   0x00000080   Code   RO         3990    i.USART1_IRQHandler  serial.o
    0x08002d18   0x08002d18   0x0000001e   Code   RO         2957    i.USART_ClearITPendingBit  stm32f10x_usart.o
    0x08002d36   0x08002d36   0x00000018   Code   RO         2960    i.USART_Cmd         stm32f10x_usart.o
    0x08002d4e   0x08002d4e   0x0000001a   Code   RO         2963    i.USART_GetFlagStatus  stm32f10x_usart.o
    0x08002d68   0x08002d68   0x00000054   Code   RO         2964    i.USART_GetITStatus  stm32f10x_usart.o
    0x08002dbc   0x08002dbc   0x0000004a   Code   RO         2966    i.USART_ITConfig    stm32f10x_usart.o
    0x08002e06   0x08002e06   0x00000002   PAD
    0x08002e08   0x08002e08   0x000000d8   Code   RO         2967    i.USART_Init        stm32f10x_usart.o
    0x08002ee0   0x08002ee0   0x0000000a   Code   RO         2974    i.USART_ReceiveData  stm32f10x_usart.o
    0x08002eea   0x08002eea   0x00000008   Code   RO         2977    i.USART_SendData    stm32f10x_usart.o
    0x08002ef2   0x08002ef2   0x00000004   Code   RO         3270    i.UsageFault_Handler  stm32f10x_it.o
    0x08002ef6   0x08002ef6   0x00000002   PAD
    0x08002ef8   0x08002ef8   0x00000050   Code   RO         3329    i.Wave_Beep         user.o
    0x08002f48   0x08002f48   0x000000a0   Code   RO         3711    i.Wave_Distance     wave.o
    0x08002fe8   0x08002fe8   0x000000bc   Code   RO         3712    i.Wave_Init         wave.o
    0x080030a4   0x080030a4   0x00000020   Code   RO         3713    i.Wave_Start        wave.o
    0x080030c4   0x080030c4   0x00000020   Code   RO         4546    i.__0printf         mc_w.l(printfa.o)
    0x080030e4   0x080030e4   0x0000000e   Code   RO         4680    i.__scatterload_copy  mc_w.l(handlers.o)
    0x080030f2   0x080030f2   0x00000002   Code   RO         4681    i.__scatterload_null  mc_w.l(handlers.o)
    0x080030f4   0x080030f4   0x0000000e   Code   RO         4682    i.__scatterload_zeroinit  mc_w.l(handlers.o)
    0x08003102   0x08003102   0x00000002   PAD
    0x08003104   0x08003104   0x00000184   Code   RO         4553    i._fp_digits        mc_w.l(printfa.o)
    0x08003288   0x08003288   0x000006b4   Code   RO         4554    i._printf_core      mc_w.l(printfa.o)
    0x0800393c   0x0800393c   0x00000024   Code   RO         4555    i._printf_post_padding  mc_w.l(printfa.o)
    0x08003960   0x08003960   0x0000002e   Code   RO         4556    i._printf_pre_padding  mc_w.l(printfa.o)
    0x0800398e   0x0800398e   0x00000002   PAD
    0x08003990   0x08003990   0x00000024   Code   RO         3991    i.fputc             serial.o
    0x080039b4   0x080039b4   0x00000134   Code   RO         3196    i.main              main.o
    0x08003ae8   0x08003ae8   0x00001ff8   Data   RO         3593    .constdata          oled.o
    0x08005ae0   0x08005ae0   0x00000006   Data   RO         3856    .constdata          rc522.o
    0x08005ae6   0x08005ae6   0x00000002   PAD
    0x08005ae8   0x08005ae8   0x00000022   Data   RO         4266    .conststring        esp8266.o
    0x08005b0a   0x08005b0a   0x00000002   PAD
    0x08005b0c   0x08005b0c   0x00000020   Data   RO         4678    Region$$Table       anon$$obj.o


    Execution Region ER_RW (Exec base: 0x20000000, Load base: 0x08005b2c, Size: 0x00000080, Max: 0xffffffff, ABSOLUTE)

    Exec Addr    Load Addr    Size         Type   Attr      Idx    E Section Name        Object

    0x20000000   0x08005b2c   0x00000014   Data   RW         1805    .data               stm32f10x_rcc.o
    0x20000014   0x08005b40   0x00000004   Data   RW         3330    .data               user.o
    0x20000018   0x08005b44   0x00000001   Data   RW         3395    .data               upload.o
    0x20000019   0x08005b45   0x00000002   Data   RW         3545    .data               key.o
    0x2000001b   0x08005b47   0x00000001   PAD
    0x2000001c   0x08005b48   0x00000008   Data   RW         3714    .data               wave.o
    0x20000024   0x08005b50   0x0000002d   Data   RW         3857    .data               rc522.o
    0x20000051   0x08005b7d   0x00000003   PAD
    0x20000054   0x08005b80   0x00000004   Data   RW         3993    .data               serial.o
    0x20000058   0x08005b84   0x00000014   Data   RW         4067    .data               rfid.o
    0x2000006c   0x08005b98   0x00000010   Data   RW         4267    .data               esp8266.o
    0x2000007c   0x08005ba8   0x00000004   Data   RW         4637    .data               mc_w.l(stdout.o)


    Execution Region ER_ZI (Exec base: 0x20000080, Load base: 0x08005bac, Size: 0x00000520, Max: 0xffffffff, ABSOLUTE)

    Exec Addr    Load Addr    Size         Type   Attr      Idx    E Section Name        Object

    0x20000080        -       0x00000010   Zero   RW         3855    .bss                rc522.o
    0x20000090        -       0x000000fa   Zero   RW         3992    .bss                serial.o
    0x2000018a   0x08005bac   0x00000002   PAD
    0x2000018c        -       0x00000010   Zero   RW         4228    .bss                timer.o
    0x2000019c   0x08005bac   0x00000004   PAD
    0x200001a0        -       0x00000400   Zero   RW          119    STACK               startup_stm32f10x_md.o


==============================================================================

Image component sizes


      Code (inc. data)   RO Data    RW Data    ZI Data      Debug   Object Name

       204         14          0          0          0       3819   beep.o
        70          0          0          0          0       1010   delay.o
       232         94         34         16          0       1548   esp8266.o
       282         12          0          2          0       2016   key.o
       308         48          0          0          0        611   main.o
       132         22          0          0          0     207275   misc.o
       922         28       8184          0          0       9814   oled.o
      1500         22          6         45         16      12774   rc522.o
      1464        126          0         20          0       7933   rfid.o
       352         28          0          4        250       4438   serial.o
       260         18          0          0          0       1781   spi.o
        36          8        236          0       1024        852   startup_stm32f10x_md.o
         0          0          0          0          0       1700   stm32f10x_adc.o
       200         18          0          0          0       4432   stm32f10x_exti.o
       378          4          0          0          0      13386   stm32f10x_gpio.o
        26          0          0          0          0       4126   stm32f10x_it.o
       340         44          0         20          0      14516   stm32f10x_rcc.o
       112          0          0          0          0      10914   stm32f10x_spi.o
       762        106          0          0          0      27015   stm32f10x_tim.o
       472          6          0          0          0      13027   stm32f10x_usart.o
       328         28          0          0          0      57109   system_stm32f10x.o
       272         30          0          0         16       2894   timer.o
       164         14          0          1          0       1335   upload.o
      1608        126          0          4          0       3541   user.o
       420         36          0          8          0       2573   wave.o

    ----------------------------------------------------------------------
     10874        832       8496        124       1312     410439   Object Totals
         0          0         32          0          0          0   (incl. Generated)
        30          0          4          4          6          0   (incl. Padding)

    ----------------------------------------------------------------------

      Code (inc. data)   RO Data    RW Data    ZI Data      Debug   Library Member Name

         0          0          0          0          0          0   entry.o
         0          0          0          0          0          0   entry10a.o
         0          0          0          0          0          0   entry11a.o
         4          0          0          0          0          0   entry12b.o
         8          4          0          0          0          0   entry2.o
         4          0          0          0          0          0   entry5.o
         0          0          0          0          0          0   entry7b.o
         0          0          0          0          0          0   entry8b.o
         8          4          0          0          0          0   entry9a.o
        30          0          0          0          0          0   handlers.o
        36          8          0          0          0         68   init.o
         0          0          0          0          0          0   iusefp.o
        30          0          0          0          0         68   llshl.o
        36          0          0          0          0         68   llsshr.o
        32          0          0          0          0         68   llushr.o
        36          0          0          0          0        108   memseta.o
      2218         90          0          0          0        464   printfa.o
         0          0          0          4          0          0   stdout.o
        36          0          0          0          0         80   strstr.o
        44          0          0          0          0         80   uidiv.o
        98          0          0          0          0         92   uldiv.o
        48          0          0          0          0         68   cdrcmple.o
        56          0          0          0          0         88   d2f.o
       334          0          0          0          0        148   dadd.o
       222          0          0          0          0        100   ddiv.o
       186          0          0          0          0        176   depilogue.o
        48          0          0          0          0         68   dfixul.o
        26          0          0          0          0         76   dfltui.o
       228          0          0          0          0         96   dmul.o
        38          0          0          0          0         68   f2d.o
       110          0          0          0          0        168   fepilogue.o
        40          0          0          0          0         68   ffixui.o
        10          0          0          0          0         68   ffltui.o

    ----------------------------------------------------------------------
      3970        106          0          4          0       2288   Library Totals
         4          0          0          0          0          0   (incl. Padding)

    ----------------------------------------------------------------------

      Code (inc. data)   RO Data    RW Data    ZI Data      Debug   Library Name

      2620        106          0          4          0       1096   mc_w.l
      1346          0          0          0          0       1192   mf_w.l

    ----------------------------------------------------------------------
      3970        106          0          4          0       2288   Library Totals

    ----------------------------------------------------------------------

==============================================================================


      Code (inc. data)   RO Data    RW Data    ZI Data      Debug   

     14844        938       8496        128       1312     405183   Grand Totals
     14844        938       8496        128       1312     405183   ELF Image Totals
     14844        938       8496        128          0          0   ROM Totals

==============================================================================

    Total RO  Size (Code + RO Data)                23340 (  22.79kB)
    Total RW  Size (RW Data + ZI Data)              1440 (   1.41kB)
    Total ROM Size (Code + RO Data + RW Data)      23468 (  22.92kB)

==============================================================================

